Component: ARM Compiler 5.06 update 6 (build 750) Tool: armlink [4d35ed]

==============================================================================

Section Cross References

    system_stm32f10x.o(.text) refers to system_stm32f10x.o(.data) for SystemCoreClock
    startup_stm32f10x_cl.o(RESET) refers to startup_stm32f10x_cl.o(STACK) for __initial_sp
    startup_stm32f10x_cl.o(RESET) refers to startup_stm32f10x_cl.o(.text) for Reset_Handler
    startup_stm32f10x_cl.o(RESET) refers to usart.o(.text) for DMA1_Channel3_IRQHandler
    startup_stm32f10x_cl.o(RESET) refers to can1.o(.text) for CAN1_RX0_IRQHandler
    startup_stm32f10x_cl.o(RESET) refers to timer.o(.text) for TIM3_IRQHandler
    startup_stm32f10x_cl.o(RESET) refers to can2.o(.text) for CAN2_RX0_IRQHandler
    startup_stm32f10x_cl.o(.text) refers to system_stm32f10x.o(.text) for SystemInit
    startup_stm32f10x_cl.o(.text) refers to entry.o(.ARM.Collect$$$$00000000) for __main
    stm32f10x_adc.o(.text) refers to stm32f10x_rcc.o(.text) for RCC_APB2PeriphResetCmd
    stm32f10x_bkp.o(.text) refers to stm32f10x_rcc.o(.text) for RCC_BackupResetCmd
    stm32f10x_can.o(.text) refers to stm32f10x_rcc.o(.text) for RCC_APB1PeriphResetCmd
    stm32f10x_cec.o(.text) refers to stm32f10x_rcc.o(.text) for RCC_APB1PeriphResetCmd
    stm32f10x_dac.o(.text) refers to stm32f10x_rcc.o(.text) for RCC_APB1PeriphResetCmd
    stm32f10x_gpio.o(.text) refers to stm32f10x_rcc.o(.text) for RCC_APB2PeriphResetCmd
    stm32f10x_i2c.o(.text) refers to stm32f10x_rcc.o(.text) for RCC_APB1PeriphResetCmd
    stm32f10x_pwr.o(.text) refers to stm32f10x_rcc.o(.text) for RCC_APB1PeriphResetCmd
    stm32f10x_rcc.o(.text) refers to stm32f10x_rcc.o(.data) for APBAHBPrescTable
    stm32f10x_spi.o(.text) refers to stm32f10x_rcc.o(.text) for RCC_APB2PeriphResetCmd
    stm32f10x_tim.o(.text) refers to stm32f10x_rcc.o(.text) for RCC_APB2PeriphResetCmd
    stm32f10x_usart.o(.text) refers to stm32f10x_rcc.o(.text) for RCC_APB2PeriphResetCmd
    stm32f10x_wwdg.o(.text) refers to stm32f10x_rcc.o(.text) for RCC_APB1PeriphResetCmd
    main.o(.text) refers to system_stm32f10x.o(.text) for SystemInit
    main.o(.text) refers to delay.o(.text) for delay_init
    main.o(.text) refers to led.o(.text) for LED_Init
    main.o(.text) refers to sys.o(.text) for NVIC_Configuration
    main.o(.text) refers to usart.o(.text) for USART1_Init
    main.o(.text) refers to subboard_link.o(.text) for SubBoard_LinkInit
    main.o(.text) refers to can1.o(.text) for USER_CAN1_Init
    main.o(.text) refers to can2.o(.text) for USER_CAN2_Init
    main.o(.text) refers to switch.o(.text) for Switch_Init
    main.o(.text) refers to control_dispatcher.o(.text) for ControlDispatcher_Init
    main.o(.text) refers to timer.o(.text) for Timer3_Init
    main.o(.text) refers to steer_data.o(.text) for SendSteer_SYNC_SetDefaultMode
    main.o(.text) refers to ptz_data.o(.text) for Send_PTZ_Data
    main.o(.text) refers to encoder.o(.text) for Encoder_Init
    main.o(.text) refers to wit_imu.o(.text) for WitImu_Init
    main.o(.text) refers to ros2_comm.o(.text) for ROS2_CommProc
    main.o(.text) refers to function.o(.text) for FunctionProce
    main.o(.text) refers to timer.o(.data) for flag10ms
    main.o(.text) refers to main.o(.data) for cnt30ms
    function.o(.text) refers to subboard_link.o(.text) for SubBoard_LinkProc
    function.o(.text) refers to rmt_comm.o(.text) for Rmt_CommProc
    function.o(.text) refers to control_dispatcher.o(.text) for ControlDispatcher_Update
    function.o(.text) refers to arm_auto_task.o(.text) for ArmAutoTask_Proc10ms
    function.o(.text) refers to subboard_protocol.o(.text) for SubBoardProtocol_SendHeartbeat
    function.o(.text) refers to yushu_motor_data.o(.text) for YushuMotor_ControlProc
    function.o(.text) refers to ptz_data.o(.text) for PTZ_ControlProc
    function.o(.text) refers to upper_feedback.o(.text) for UpperFeedback_SendDiag
    function.o(.text) refers to steer_data.o(.text) for Steer_ControlProc
    function.o(.text) refers to stm32f10x_gpio.o(.text) for GPIO_SetBits
    function.o(.text) refers to usart.o(.data) for USART4_RX_STA
    function.o(.text) refers to function.o(.data) for subboard_heartbeat_ticks
    sys.o(.text) refers to printf8.o(i.__0sprintf$8) for __2sprintf
    sys.o(.text) refers to misc.o(.text) for NVIC_PriorityGroupConfig
    sys.o(.text) refers to sys.o(.bss) for str
    delay.o(.text) refers to misc.o(.text) for SysTick_CLKSourceConfig
    delay.o(.text) refers to delay.o(.data) for fac_us
    led.o(.text) refers to stm32f10x_rcc.o(.text) for RCC_APB2PeriphClockCmd
    led.o(.text) refers to stm32f10x_gpio.o(.text) for GPIO_Init
    led.o(.text) refers to delay.o(.text) for delay_ms
    timer.o(.text) refers to stm32f10x_rcc.o(.text) for RCC_APB1PeriphClockCmd
    timer.o(.text) refers to stm32f10x_tim.o(.text) for TIM_TimeBaseInit
    timer.o(.text) refers to misc.o(.text) for NVIC_Init
    timer.o(.text) refers to timer.o(.data) for CntRx1
[...]
    ParseNode                                0x200000e7   Data           1  subboard_link.o(.data)
    ParseCmd                                 0x200000e8   Data           1  subboard_link.o(.data)
    ParseLen                                 0x200000e9   Data           1  subboard_link.o(.data)
    ParseIndex                               0x200000ea   Data           1  subboard_link.o(.data)
    ParseCrc                                 0x200000ec   Data           2  subboard_link.o(.data)
    LastState                                0x200000ee   Data           1  subboard_link.o(.data)
    LastError                                0x200000ef   Data           1  subboard_link.o(.data)
    LastAckCmd                               0x200000f0   Data           1  subboard_link.o(.data)
    OnlineTicks                              0x200000f1   Data           1  subboard_link.o(.data)
    .data                                    0x200000f2   Section        6  control_dispatcher.o(.data)
    UpperTimeoutTicks                        0x200000f4   Data           2  control_dispatcher.o(.data)
    UpperCmdValid                            0x200000f6   Data           1  control_dispatcher.o(.data)
    rmt_safe_stop_sent                       0x200000f7   Data           1  control_dispatcher.o(.data)
    .data                                    0x200000f8   Section       10  arm_auto_task.o(.data)
    s_auto_state                             0x200000f8   Data           1  arm_auto_task.o(.data)
    s_auto_error                             0x200000f9   Data           1  arm_auto_task.o(.data)
    s_state_time_ms                          0x200000fc   Data           4  arm_auto_task.o(.data)
    s_end_seen_active                        0x20000100   Data           1  arm_auto_task.o(.data)
    s_retract_sent                           0x20000101   Data           1  arm_auto_task.o(.data)
    .data                                    0x20000104   Section        4  rmt_comm.o(.data)
    frame_len                                0x20000104   Data           4  rmt_comm.o(.data)
    .data                                    0x20000108   Section        5  upper_comm.o(.data)
    state                                    0x20000108   Data           1  upper_comm.o(.data)
    cmd_id                                   0x20000109   Data           1  upper_comm.o(.data)
    payload_len                              0x2000010a   Data           1  upper_comm.o(.data)
    payload_index                            0x2000010b   Data           1  upper_comm.o(.data)
    crc_low                                  0x2000010c   Data           1  upper_comm.o(.data)
    .data                                    0x20000110   Section        8  upper_feedback.o(.data)
    s_upper_fb_seq                           0x20000110   Data           2  upper_feedback.o(.data)
    s_upper_fb_time_ms                       0x20000114   Data           4  upper_feedback.o(.data)
    .data                                    0x20000118   Section      183  rmt_data.o(.data)
    FirstFlag                                0x200001c8   Data           1  rmt_data.o(.data)
    E_RmtKey                                 0x200001c9   Data           1  rmt_data.o(.data)
    E_RmtKey_Old                             0x200001ca   Data           1  rmt_data.o(.data)
    G_RmtKey                                 0x200001cb   Data           1  rmt_data.o(.data)
    G_RmtKey_Old                             0x200001cc   Data           1  rmt_data.o(.data)
    F_RmtKey                                 0x200001cd   Data           1  rmt_data.o(.data)
    F_RmtKey_Old                             0x200001ce   Data           1  rmt_data.o(.data)
    .data                                    0x200001d0   Section      155  steer_data.o(.data)
    auto_req_old                             0x2000026a   Data           1  steer_data.o(.data)
    .data                                    0x2000026c   Section       25  ptz_data.o(.data)
    PtzAngleCtrlEnable                       0x2000027d   Data           1  ptz_data.o(.data)
    PtzTargetYawX100                         0x2000027e   Data           2  ptz_data.o(.data)
    PtzTargetPitchX100                       0x20000280   Data           2  ptz_data.o(.data)
    PtzTargetToleranceX100                   0x20000282   Data           2  ptz_data.o(.data)
    PtzTargetSpeed                           0x20000284   Data           1  ptz_data.o(.data)
    .data                                    0x20000288   Section       43  yushu_motor_data.o(.data)
    pData                                    0x200002a4   Data           4  yushu_motor_data.o(.data)
    FirstFlag                                0x200002a8   Data           1  yushu_motor_data.o(.data)
    Rmt_Y2_FNR                               0x200002a9   Data           1  yushu_motor_data.o(.data)
    Rmt_Y2_FNR_Old                           0x200002aa   Data           1  yushu_motor_data.o(.data)
    pData                                    0x200002ac   Data           4  yushu_motor_data.o(.data)
    FirstFlag                                0x200002b0   Data           1  yushu_motor_data.o(.data)
    LIMIT_SWITCH_IN_Old                      0x200002b1   Data           1  yushu_motor_data.o(.data)
    LimitSwitchInFlg                         0x200002b2   Data           1  yushu_motor_data.o(.data)
    .data                                    0x200002b4   Section       24  wit_c_sdk.o(.data)
    p_WitCanWriteFunc                        0x200002b4   Data           4  wit_c_sdk.o(.data)
    p_WitRegUpdateCbFunc                     0x200002b8   Data           4  wit_c_sdk.o(.data)
    p_WitDelaymsFunc                         0x200002bc   Data           4  wit_c_sdk.o(.data)
    s_ucAddr                                 0x200002c0   Data           1  wit_c_sdk.o(.data)
    s_uiProtoclo                             0x200002c4   Data           4  wit_c_sdk.o(.data)
    s_uiReadRegIndex                         0x200002c8   Data           4  wit_c_sdk.o(.data)
    .bss                                     0x200002d0   Section      248  function.o(.bss)
    .bss                                     0x200003c8   Section      100  sys.o(.bss)
    .bss                                     0x2000042c   Section     1300  usart.o(.bss)
    .bss                                     0x20000940   Section     1056  uart_rx_driver.o(.bss)
    USART2_RxRingBuffer                      0x20000940   Data         512  uart_rx_driver.o(.bss)
    USART3_RxRingBuffer                      0x20000b40   Data         512  uart_rx_driver.o(.bss)
    UartRxRing                               0x20000d40   Data          32  uart_rx_driver.o(.bss)
    .bss                                     0x20000d60   Section       20  can1.o(.bss)
    RxMessage                                0x20000d60   Data          20  can1.o(.bss)
    .bss                                     0x20000d74   Section       20  can2.o(.bss)
    RxMessage                                0x20000d74   Data          20  can2.o(.bss)
    .bss                                     0x20000d88   Section      176  subboard_link.o(.bss)
    SubBoardRxStorage                        0x20000d88   Data         128  subboard_link.o(.bss)
    SubBoardRxRing                           0x20000e08   Data          16  subboard_link.o(.bss)
    ParsePayload                             0x20000e18   Data          32  subboard_link.o(.bss)
    .bss                                     0x20000e38   Section       56  control_dispatcher.o(.bss)
    UpperCmd                                 0x20000e54   Data          28  control_dispatcher.o(.bss)
    .bss                                     0x20000e70   Section       36  arm_auto_task.o(.bss)
    s_auto_cfg                               0x20000e70   Data          36  arm_auto_task.o(.bss)
    .bss                                     0x20000e94   Section       45  rmt_comm.o(.bss)
    frame_buf                                0x20000e94   Data          45  rmt_comm.o(.bss)
    .bss                                     0x20000ec1   Section       66  upper_comm.o(.bss)
    crc_buf                                  0x20000ec1   Data          34  upper_comm.o(.bss)
    payload                                  0x20000ee3   Data          32  upper_comm.o(.bss)
    .bss                                     0x20000f04   Section       24  ptz_data.o(.bss)
    PtzYawPid                                0x20000f04   Data          12  ptz_data.o(.bss)
    PtzPitchPid                              0x20000f10   Data          12  ptz_data.o(.bss)
    .bss                                     0x20000f1c   Section       12  yushu_motor_data.o(.bss)
    YushuLengthPid                           0x20000f1c   Data          12  yushu_motor_data.o(.bss)
    .bss                                     0x20000f28   Section      288  wit_c_sdk.o(.bss)
    STACK                                    0x20001048   Section     1024  startup_stm32f10x_cl.o(STACK)

    Global Symbols

    Symbol Name                              Value     Ov Type        Size  Object(Section)

    BuildAttributes$$THM_ISAv4$P$D$K$B$S$PE$A:L22UL41UL21$X:L11$S22US41US21$IEEE1$IW$USESV6$~STKCKD$USESV7$~SHL$OTIME$ROPI$EBA8$MICROLIB$REQ8$PRES8$EABIv2 0x00000000   Number         0  anon$$obj.o ABSOLUTE
    __ARM_use_no_argv                        0x00000000   Number         0  main.o ABSOLUTE
    _printf_a                                0x00000000   Number         0  stubs.o ABSOLUTE
    _printf_c                                0x00000000   Number         0  stubs.o ABSOLUTE
    _printf_charcount                        0x00000000   Number         0  stubs.o ABSOLUTE
    _printf_d                                0x00000000   Number         0  stubs.o ABSOLUTE
    _printf_e                                0x00000000   Number         0  stubs.o ABSOLUTE
    _printf_f                                0x00000000   Number         0  stubs.o ABSOLUTE
    _printf_flags                            0x00000000   Number         0  stubs.o ABSOLUTE
    _printf_fp_dec                           0x00000000   Number         0  stubs.o ABSOLUTE
    _printf_fp_hex                           0x00000000   Number         0  stubs.o ABSOLUTE
    _printf_g                                0x00000000   Number         0  stubs.o ABSOLUTE
    _printf_i                                0x00000000   Number         0  stubs.o ABSOLUTE
    _printf_int_dec                          0x00000000   Number         0  stubs.o ABSOLUTE
    _printf_l                                0x00000000   Number         0  stubs.o ABSOLUTE
    _printf_lc                               0x00000000   Number         0  stubs.o ABSOLUTE
    _printf_ll                               0x00000000   Number         0  stubs.o ABSOLUTE
    _printf_lld                              0x00000000   Number         0  stubs.o ABSOLUTE
    _printf_lli                              0x00000000   Number         0  stubs.o ABSOLUTE
    _printf_llo                              0x00000000   Number         0  stubs.o ABSOLUTE
    _printf_llu                              0x00000000   Number         0  stubs.o ABSOLUTE
    _printf_llx                              0x00000000   Number         0  stubs.o ABSOLUTE
    _printf_longlong_dec                     0x00000000   Number         0  stubs.o ABSOLUTE
    _printf_longlong_hex                     0x00000000   Number         0  stubs.o ABSOLUTE
    _printf_longlong_oct                     0x00000000   Number         0  stubs.o ABSOLUTE
    _printf_ls                               0x00000000   Number         0  stubs.o ABSOLUTE
    _printf_mbtowc                           0x00000000   Number         0  stubs.o ABSOLUTE
    _printf_n                                0x00000000   Number         0  stubs.o ABSOLUTE
    _printf_o                                0x00000000   Number         0  stubs.o ABSOLUTE
    _printf_p                                0x00000000   Number         0  stubs.o ABSOLUTE
    _printf_percent                          0x00000000   Number         0  stubs.o ABSOLUTE
    _printf_pre_padding                      0x00000000   Number         0  stubs.o ABSOLUTE
    _printf_return_value                     0x00000000   Number         0  stubs.o ABSOLUTE
    _printf_s                                0x00000000   Number         0  stubs.o ABSOLUTE
    _printf_sizespec                         0x00000000   Number         0  stubs.o ABSOLUTE
    _printf_str                              0x00000000   Number         0  stubs.o ABSOLUTE
    _printf_truncate_signed                  0x00000000   Number         0  stubs.o ABSOLUTE
    _printf_truncate_unsigned                0x00000000   Number         0  stubs.o ABSOLUTE
    _printf_u                                0x00000000   Number         0  stubs.o ABSOLUTE
    _printf_wc                               0x00000000   Number         0  stubs.o ABSOLUTE
    _printf_wctomb                           0x00000000   Number         0  stubs.o ABSOLUTE
    _printf_widthprec                        0x00000000   Number         0  stubs.o ABSOLUTE
    _printf_x                                0x00000000   Number         0  stubs.o ABSOLUTE
    __cpp_initialize__aeabi_                  - Undefined Weak Reference
    __cxa_finalize                            - Undefined Weak Reference
    _clock_init                               - Undefined Weak Reference
    _microlib_exit                            - Undefined Weak Reference
    __Vectors_Size                           0x00000150   Number         0  startup_stm32f10x_cl.o ABSOLUTE
    __Vectors                                0x08000000   Data           4  startup_stm32f10x_cl.o(RESET)
    __Vectors_End                            0x08000150   Data           0  startup_stm32f10x_cl.o(RESET)
    __main                                   0x08000151   Thumb Code     0  entry.o(.ARM.Collect$$$$00000000)
    _main_stk                                0x08000151   Thumb Code     0  entry2.o(.ARM.Collect$$$$00000001)
    _main_scatterload                        0x08000155   Thumb Code     0  entry5.o(.ARM.Collect$$$$00000004)
    __main_after_scatterload                 0x08000159   Thumb Code     0  entry5.o(.ARM.Collect$$$$00000004)
    _main_clock                              0x08000159   Thumb Code     0  entry7b.o(.ARM.Collect$$$$00000008)
    _main_cpp_init                           0x08000159   Thumb Code     0  entry8b.o(.ARM.Collect$$$$0000000A)
    _main_init                               0x08000159   Thumb Code     0  entry9a.o(.ARM.Collect$$$$0000000B)
    __rt_final_cpp                           0x08000161   Thumb Code     0  entry10a.o(.ARM.Collect$$$$0000000D)
    __rt_final_exit                          0x08000161   Thumb Code     0  entry11a.o(.ARM.Collect$$$$0000000F)
    SystemInit                               0x08000275   Thumb Code    92  system_stm32f10x.o(.text)
    SystemCoreClockUpdate                    0x080002d1   Thumb Code   232  system_stm32f10x.o(.text)
    Reset_Handler                            0x080003e9   Thumb Code     8  startup_stm32f10x_cl.o(.text)
    NMI_Handler                              0x080003f1   Thumb Code     2  startup_stm32f10x_cl.o(.text)
    HardFault_Handler                        0x080003f3   Thumb Code     2  startup_stm32f10x_cl.o(.text)
    MemManage_Handler                        0x080003f5   Thumb Code     2  startup_stm32f10x_cl.o(.text)
    BusFault_Handler                         0x080003f7   Thumb Code     2  startup_stm32f10x_cl.o(.text)
    UsageFault_Handler                       0x080003f9   Thumb Code     2  startup_stm32f10x_cl.o(.text)
    SVC_Handler                              0x080003fb   Thumb Code     2  startup_stm32f10x_cl.o(.text)
    DebugMon_Handler                         0x080003fd   Thumb Code     2  startup_stm32f10x_cl.o(.text)
    PendSV_Handler                           0x080003ff   Thumb Code     2  startup_stm32f10x_cl.o(.text)
    SysTick_Handler                          0x08000401   Thumb Code     2  startup_stm32f10x_cl.o(.text)
    ADC1_2_IRQHandler                        0x08000403   Thumb Code     0  startup_stm32f10x_cl.o(.text)
    CAN1_RX1_IRQHandler                      0x08000403   Thumb Code     0  startup_stm32f10x_cl.o(.text)
    CAN1_SCE_IRQHandler                      0x08000403   Thumb Code     0  startup_stm32f10x_cl.o(.text)
    CAN1_TX_IRQHandler                       0x08000403   Thumb Code     0  startup_stm32f10x_cl.o(.text)
    CAN2_RX1_IRQHandler                      0x08000403   Thumb Code     0  startup_stm32f10x_cl.o(.text)
    CAN2_SCE_IRQHandler                      0x08000403   Thumb Code     0  startup_stm32f10x_cl.o(.text)
    CAN2_TX_IRQHandler                       0x08000403   Thumb Code     0  startup_stm32f10x_cl.o(.text)
    DMA1_Channel1_IRQHandler                 0x08000403   Thumb Code     0  startup_stm32f10x_cl.o(.text)
    DMA1_Channel2_IRQHandler                 0x08000403   Thumb Code     0  startup_stm32f10x_cl.o(.text)
    DMA1_Channel4_IRQHandler                 0x08000403   Thumb Code     0  startup_stm32f10x_cl.o(.text)
    DMA1_Channel5_IRQHandler                 0x08000403   Thumb Code     0  startup_stm32f10x_cl.o(.text)
    DMA1_Channel7_IRQHandler                 0x08000403   Thumb Code     0  startup_stm32f10x_cl.o(.text)
    DMA2_Channel1_IRQHandler                 0x08000403   Thumb Code     0  startup_stm32f10x_cl.o(.text)
    DMA2_Channel2_IRQHandler                 0x08000403   Thumb Code     0  startup_stm32f10x_cl.o(.text)
    DMA2_Channel3_IRQHandler                 0x08000403   Thumb Code     0  startup_stm32f10x_cl.o(.text)
    DMA2_Channel4_IRQHandler                 0x08000403   Thumb Code     0  startup_stm32f10x_cl.o(.text)
    DMA2_Channel5_IRQHandler                 0x08000403   Thumb Code     0  startup_stm32f10x_cl.o(.text)
    ETH_IRQHandler                           0x08000403   Thumb Code     0  startup_stm32f10x_cl.o(.text)
    ETH_WKUP_IRQHandler                      0x08000403   Thumb Code     0  startup_stm32f10x_cl.o(.text)
    EXTI0_IRQHandler                         0x08000403   Thumb Code     0  startup_stm32f10x_cl.o(.text)
    EXTI15_10_IRQHandler                     0x08000403   Thumb Code     0  startup_stm32f10x_cl.o(.text)
    EXTI1_IRQHandler                         0x08000403   Thumb Code     0  startup_stm32f10x_cl.o(.text)
    EXTI2_IRQHandler                         0x08000403   Thumb Code     0  startup_stm32f10x_cl.o(.text)
    EXTI3_IRQHandler                         0x08000403   Thumb Code     0  startup_stm32f10x_cl.o(.text)
    EXTI4_IRQHandler                         0x08000403   Thumb Code     0  startup_stm32f10x_cl.o(.text)
    EXTI9_5_IRQHandler                       0x08000403   Thumb Code     0  startup_stm32f10x_cl.o(.text)
    FLASH_IRQHandler                         0x08000403   Thumb Code     0  startup_stm32f10x_cl.o(.text)
    I2C1_ER_IRQHandler                       0x08000403   Thumb Code     0  startup_stm32f10x_cl.o(.text)
    I2C1_EV_IRQHandler                       0x08000403   Thumb Code     0  startup_stm32f10x_cl.o(.text)
    I2C2_ER_IRQHandler                       0x08000403   Thumb Code     0  startup_stm32f10x_cl.o(.text)
    I2C2_EV_IRQHandler                       0x08000403   Thumb Code     0  startup_stm32f10x_cl.o(.text)
    OTG_FS_IRQHandler                        0x08000403   Thumb Code     0  startup_stm32f10x_cl.o(.text)
    OTG_FS_WKUP_IRQHandler                   0x08000403   Thumb Code     0  startup_stm32f10x_cl.o(.text)
    PVD_IRQHandler                           0x08000403   Thumb Code     0  startup_stm32f10x_cl.o(.text)
    RCC_IRQHandler                           0x08000403   Thumb Code     0  startup_stm32f10x_cl.o(.text)
    RTCAlarm_IRQHandler                      0x08000403   Thumb Code     0  startup_stm32f10x_cl.o(.text)
    RTC_IRQHandler                           0x08000403   Thumb Code     0  startup_stm32f10x_cl.o(.text)
    SPI1_IRQHandler                          0x08000403   Thumb Code     0  startup_stm32f10x_cl.o(.text)
    SPI2_IRQHandler                          0x08000403   Thumb Code     0  startup_stm32f10x_cl.o(.text)
    SPI3_IRQHandler                          0x08000403   Thumb Code     0  startup_stm32f10x_cl.o(.text)
    TAMPER_IRQHandler                        0x08000403   Thumb Code     0  startup_stm32f10x_cl.o(.text)
    TIM1_BRK_IRQHandler                      0x08000403   Thumb Code     0  startup_stm32f10x_cl.o(.text)
    TIM1_CC_IRQHandler                       0x08000403   Thumb Code     0  startup_stm32f10x_cl.o(.text)
    TIM1_TRG_COM_IRQHandler                  0x08000403   Thumb Code     0  startup_stm32f10x_cl.o(.text)
    TIM1_UP_IRQHandler                       0x08000403   Thumb Code     0  startup_stm32f10x_cl.o(.text)
    TIM2_IRQHandler                          0x08000403   Thumb Code     0  startup_stm32f10x_cl.o(.text)
    TIM5_IRQHandler                          0x08000403   Thumb Code     0  startup_stm32f10x_cl.o(.text)
    TIM6_IRQHandler                          0x08000403   Thumb Code     0  startup_stm32f10x_cl.o(.text)
    TIM7_IRQHandler                          0x08000403   Thumb Code     0  startup_stm32f10x_cl.o(.text)
    WWDG_IRQHandler                          0x08000403   Thumb Code     0  startup_stm32f10x_cl.o(.text)
    NVIC_PriorityGroupConfig                 0x0800040d   Thumb Code    10  misc.o(.text)
    NVIC_Init                                0x08000417   Thumb Code   100  misc.o(.text)
    NVIC_SetVectorTable                      0x0800047b   Thumb Code    14  misc.o(.text)
    NVIC_SystemLPConfig                      0x08000489   Thumb Code    34  misc.o(.text)
    SysTick_CLKSourceConfig                  0x080004ab   Thumb Code    40  misc.o(.text)
    CAN_DeInit                               0x080004e9   Thumb Code    50  stm32f10x_can.o(.text)
    CAN_Init                                 0x0800051b   Thumb Code   276  stm32f10x_can.o(.text)
    CAN_FilterInit                           0x0800062f   Thumb Code   258  stm32f10x_can.o(.text)
    CAN_StructInit                           0x08000731   Thumb Code    32  stm32f10x_can.o(.text)
    CAN_SlaveStartBank                       0x08000751   Thumb Code    48  stm32f10x_can.o(.text)
    CAN_DBGFreeze                            0x08000781   Thumb Code    22  stm32f10x_can.o(.text)
    CAN_TTComModeCmd                         0x08000797   Thumb Code   118  stm32f10x_can.o(.text)
    CAN_Transmit                             0x0800080d   Thumb Code   304  stm32f10x_can.o(.text)
    CAN_TransmitStatus                       0x0800093d   Thumb Code   138  stm32f10x_can.o(.text)
    CAN_CancelTransmit                       0x080009c7   Thumb Code    48  stm32f10x_can.o(.text)
    CAN_Receive                              0x080009f7   Thumb Code   240  stm32f10x_can.o(.text)
    CAN_FIFORelease                          0x08000ae7   Thumb Code    22  stm32f10x_can.o(.text)
    CAN_MessagePending                       0x08000afd   Thumb Code    30  stm32f10x_can.o(.text)
    CAN_OperatingModeRequest                 0x08000b1b   Thumb Code   162  stm32f10x_can.o(.text)
    CAN_Sleep                                0x08000bbd   Thumb Code    30  stm32f10x_can.o(.text)
    CAN_WakeUp                               0x08000bdb   Thumb Code    48  stm32f10x_can.o(.text)
    CAN_GetLastErrorCode                     0x08000c0b   Thumb Code    12  stm32f10x_can.o(.text)
    CAN_GetReceiveErrorCounter               0x08000c17   Thumb Code    10  stm32f10x_can.o(.text)
    CAN_GetLSBTransmitErrorCounter           0x08000c21   Thumb Code    12  stm32f10x_can.o(.text)
    CAN_ITConfig                             0x08000c2d   Thumb Code    18  stm32f10x_can.o(.text)
    CAN_GetFlagStatus                        0x08000c3f   Thumb Code   120  stm32f10x_can.o(.text)
    CAN_ClearFlag                            0x08000cb7   Thumb Code    52  stm32f10x_can.o(.text)
    CAN_GetITStatus                          0x08000cfd   Thumb Code   310  stm32f10x_can.o(.text)
    CAN_ClearITPendingBit                    0x08000e33   Thumb Code   162  stm32f10x_can.o(.text)
    DMA_DeInit                               0x08000ed9   Thumb Code   324  stm32f10x_dma.o(.text)
    DMA_Init                                 0x0800101d   Thumb Code    60  stm32f10x_dma.o(.text)
    DMA_StructInit                           0x08001059   Thumb Code    26  stm32f10x_dma.o(.text)
    DMA_Cmd                                  0x08001073   Thumb Code    24  stm32f10x_dma.o(.text)
    DMA_ITConfig                             0x0800108b   Thumb Code    18  stm32f10x_dma.o(.text)
    DMA_SetCurrDataCounter                   0x0800109d   Thumb Code     4  stm32f10x_dma.o(.text)
    DMA_GetCurrDataCounter                   0x080010a1   Thumb Code     8  stm32f10x_dma.o(.text)
    DMA_GetFlagStatus                        0x080010a9   Thumb Code    40  stm32f10x_dma.o(.text)
    DMA_ClearFlag                            0x080010d1   Thumb Code    22  stm32f10x_dma.o(.text)
    DMA_GetITStatus                          0x080010e7   Thumb Code    40  stm32f10x_dma.o(.text)
    DMA_ClearITPendingBit                    0x0800110f   Thumb Code    22  stm32f10x_dma.o(.text)
    GPIO_DeInit                              0x0800112d   Thumb Code   172  stm32f10x_gpio.o(.text)
    GPIO_AFIODeInit                          0x080011d9   Thumb Code    20  stm32f10x_gpio.o(.text)
    GPIO_Init                                0x080011ed   Thumb Code   278  stm32f10x_gpio.o(.text)
    GPIO_StructInit                          0x08001303   Thumb Code    16  stm32f10x_gpio.o(.text)
    GPIO_ReadInputDataBit                    0x08001313   Thumb Code    18  stm32f10x_gpio.o(.text)
    GPIO_ReadInputData                       0x08001325   Thumb Code     8  stm32f10x_gpio.o(.text)
    GPIO_ReadOutputDataBit                   0x0800132d   Thumb Code    18  stm32f10x_gpio.o(.text)
    GPIO_ReadOutputData                      0x0800133f   Thumb Code     8  stm32f10x_gpio.o(.text)
    GPIO_SetBits                             0x08001347   Thumb Code     4  stm32f10x_gpio.o(.text)
    GPIO_ResetBits                           0x0800134b   Thumb Code     4  stm32f10x_gpio.o(.text)
    GPIO_WriteBit                            0x0800134f   Thumb Code    10  stm32f10x_gpio.o(.text)
    GPIO_Write                               0x08001359   Thumb Code     4  stm32f10x_gpio.o(.text)
    GPIO_PinLockConfig                       0x0800135d   Thumb Code    18  stm32f10x_gpio.o(.text)
    GPIO_EventOutputConfig                   0x0800136f   Thumb Code    26  stm32f10x_gpio.o(.text)
    GPIO_EventOutputCmd                      0x08001389   Thumb Code     6  stm32f10x_gpio.o(.text)
    GPIO_PinRemapConfig                      0x0800138f   Thumb Code   138  stm32f10x_gpio.o(.text)
    GPIO_EXTILineConfig                      0x08001419   Thumb Code    66  stm32f10x_gpio.o(.text)
    GPIO_ETH_MediaInterfaceConfig            0x0800145b   Thumb Code     8  stm32f10x_gpio.o(.text)
    RCC_DeInit                               0x08001489   Thumb Code    78  stm32f10x_rcc.o(.text)
    RCC_HSEConfig                            0x080014d7   Thumb Code    70  stm32f10x_rcc.o(.text)
    RCC_GetFlagStatus                        0x0800151d   Thumb Code    56  stm32f10x_rcc.o(.text)
    RCC_WaitForHSEStartUp                    0x08001555   Thumb Code    56  stm32f10x_rcc.o(.text)
    RCC_AdjustHSICalibrationValue            0x0800158d   Thumb Code    20  stm32f10x_rcc.o(.text)
    RCC_HSICmd                               0x080015a1   Thumb Code     6  stm32f10x_rcc.o(.text)
    RCC_PLLConfig                            0x080015a7   Thumb Code    24  stm32f10x_rcc.o(.text)
    RCC_PLLCmd                               0x080015bf   Thumb Code     6  stm32f10x_rcc.o(.text)
    RCC_PREDIV1Config                        0x080015c5   Thumb Code    24  stm32f10x_rcc.o(.text)
    RCC_PREDIV2Config                        0x080015dd   Thumb Code    18  stm32f10x_rcc.o(.text)
    RCC_PLL2Config                           0x080015ef   Thumb Code    18  stm32f10x_rcc.o(.text)
    RCC_PLL2Cmd                              0x08001601   Thumb Code     6  stm32f10x_rcc.o(.text)
    RCC_PLL3Config                           0x08001607   Thumb Code    18  stm32f10x_rcc.o(.text)
    RCC_PLL3Cmd                              0x08001619   Thumb Code     6  stm32f10x_rcc.o(.text)
    RCC_SYSCLKConfig                         0x0800161f   Thumb Code    18  stm32f10x_rcc.o(.text)
    RCC_GetSYSCLKSource                      0x08001631   Thumb Code    10  stm32f10x_rcc.o(.text)
    RCC_HCLKConfig                           0x0800163b   Thumb Code    18  stm32f10x_rcc.o(.text)
    RCC_PCLK1Config                          0x0800164d   Thumb Code    18  stm32f10x_rcc.o(.text)
    RCC_PCLK2Config                          0x0800165f   Thumb Code    20  stm32f10x_rcc.o(.text)
    RCC_ITConfig                             0x08001673   Thumb Code    26  stm32f10x_rcc.o(.text)
    RCC_OTGFSCLKConfig                       0x0800168d   Thumb Code     8  stm32f10x_rcc.o(.text)
    RCC_ADCCLKConfig                         0x08001695   Thumb Code    18  stm32f10x_rcc.o(.text)
    RCC_I2S2CLKConfig                        0x080016a7   Thumb Code     6  stm32f10x_rcc.o(.text)
    RCC_I2S3CLKConfig                        0x080016ad   Thumb Code     8  stm32f10x_rcc.o(.text)
    RCC_LSEConfig                            0x080016b5   Thumb Code    50  stm32f10x_rcc.o(.text)
    RCC_LSICmd                               0x080016e7   Thumb Code     6  stm32f10x_rcc.o(.text)
    RCC_RTCCLKConfig                         0x080016ed   Thumb Code    12  stm32f10x_rcc.o(.text)
    RCC_RTCCLKCmd                            0x080016f9   Thumb Code     8  stm32f10x_rcc.o(.text)
    RCC_GetClocksFreq                        0x08001701   Thumb Code   424  stm32f10x_rcc.o(.text)
    RCC_AHBPeriphClockCmd                    0x080018a9   Thumb Code    26  stm32f10x_rcc.o(.text)
    RCC_APB2PeriphClockCmd                   0x080018c3   Thumb Code    26  stm32f10x_rcc.o(.text)
    RCC_APB1PeriphClockCmd                   0x080018dd   Thumb Code    26  stm32f10x_rcc.o(.text)
    RCC_AHBPeriphResetCmd                    0x080018f7   Thumb Code    26  stm32f10x_rcc.o(.text)
    RCC_APB2PeriphResetCmd                   0x08001911   Thumb Code    26  stm32f10x_rcc.o(.text)
    RCC_APB1PeriphResetCmd                   0x0800192b   Thumb Code    26  stm32f10x_rcc.o(.text)
    RCC_BackupResetCmd                       0x08001945   Thumb Code     6  stm32f10x_rcc.o(.text)
    RCC_ClockSecuritySystemCmd               0x0800194b   Thumb Code     6  stm32f10x_rcc.o(.text)
    RCC_MCOConfig                            0x08001951   Thumb Code     6  stm32f10x_rcc.o(.text)
    RCC_ClearFlag                            0x08001957   Thumb Code    14  stm32f10x_rcc.o(.text)
    RCC_GetITStatus                          0x08001965   Thumb Code    20  stm32f10x_rcc.o(.text)
    RCC_ClearITPendingBit                    0x08001979   Thumb Code     6  stm32f10x_rcc.o(.text)
    TIM_DeInit                               0x0800198d   Thumb Code   424  stm32f10x_tim.o(.text)
    TIM_TimeBaseInit                         0x08001b35   Thumb Code   122  stm32f10x_tim.o(.text)
    TIM_OC1Init                              0x08001baf   Thumb Code   132  stm32f10x_tim.o(.text)
    TIM_OC2Init                              0x08001c33   Thumb Code   154  stm32f10x_tim.o(.text)
    TIM_OC3Init                              0x08001ccd   Thumb Code   150  stm32f10x_tim.o(.text)
    TIM_OC4Init                              0x08001d63   Thumb Code   182  stm32f10x_tim.o(.text)
    TIM_SetIC4Prescaler                      0x08001e19   Thumb Code    26  stm32f10x_tim.o(.text)
    TIM_SetIC3Prescaler                      0x08001eb5   Thumb Code    18  stm32f10x_tim.o(.text)
    TIM_SetIC2Prescaler                      0x08001f41   Thumb Code    26  stm32f10x_tim.o(.text)
    TIM_SetIC1Prescaler                      0x08001fdd   Thumb Code    18  stm32f10x_tim.o(.text)
    TIM_ICInit                               0x0800205b   Thumb Code   150  stm32f10x_tim.o(.text)
    TIM_PWMIConfig                           0x080020f1   Thumb Code   124  stm32f10x_tim.o(.text)
    TIM_BDTRConfig                           0x0800216d   Thumb Code    32  stm32f10x_tim.o(.text)
    TIM_TimeBaseStructInit                   0x0800218d   Thumb Code    18  stm32f10x_tim.o(.text)
    TIM_OCStructInit                         0x0800219f   Thumb Code    20  stm32f10x_tim.o(.text)
    TIM_ICStructInit                         0x080021b3   Thumb Code    18  stm32f10x_tim.o(.text)
    TIM_BDTRStructInit                       0x080021c5   Thumb Code    40  stm32f10x_tim.o(.text)
    TIM_Cmd                                  0x080021ed   Thumb Code    24  stm32f10x_tim.o(.text)
    TIM_CtrlPWMOutputs                       0x08002205   Thumb Code    30  stm32f10x_tim.o(.text)
    TIM_ITConfig                             0x08002223   Thumb Code    18  stm32f10x_tim.o(.text)
    TIM_GenerateEvent                        0x08002235   Thumb Code     4  stm32f10x_tim.o(.text)
    TIM_DMAConfig                            0x08002239   Thumb Code    10  stm32f10x_tim.o(.text)
    TIM_DMACmd                               0x08002243   Thumb Code    18  stm32f10x_tim.o(.text)
    TIM_InternalClockConfig                  0x08002255   Thumb Code    12  stm32f10x_tim.o(.text)
    TIM_SelectInputTrigger                   0x08002261   Thumb Code    18  stm32f10x_tim.o(.text)
    TIM_ITRxExternalClockConfig              0x08002273   Thumb Code    24  stm32f10x_tim.o(.text)
    TIM_TIxExternalClockConfig               0x0800228b   Thumb Code    62  stm32f10x_tim.o(.text)
    TIM_ETRConfig                            0x080022c9   Thumb Code    28  stm32f10x_tim.o(.text)
    TIM_ETRClockMode1Config                  0x080022e5   Thumb Code    54  stm32f10x_tim.o(.text)
    TIM_ETRClockMode2Config                  0x0800231b   Thumb Code    32  stm32f10x_tim.o(.text)
    TIM_PrescalerConfig                      0x0800233b   Thumb Code     6  stm32f10x_tim.o(.text)
    TIM_CounterModeConfig                    0x08002341   Thumb Code    18  stm32f10x_tim.o(.text)
    TIM_EncoderInterfaceConfig               0x08002353   Thumb Code    66  stm32f10x_tim.o(.text)
    TIM_ForcedOC1Config                      0x08002395   Thumb Code    18  stm32f10x_tim.o(.text)
    TIM_ForcedOC2Config                      0x080023a7   Thumb Code    26  stm32f10x_tim.o(.text)
    TIM_ForcedOC3Config                      0x080023c1   Thumb Code    18  stm32f10x_tim.o(.text)
    TIM_ForcedOC4Config                      0x080023d3   Thumb Code    26  stm32f10x_tim.o(.text)
    TIM_ARRPreloadConfig                     0x080023ed   Thumb Code    24  stm32f10x_tim.o(.text)
    TIM_SelectCOM                            0x08002405   Thumb Code    24  stm32f10x_tim.o(.text)
    TIM_SelectCCDMA                          0x0800241d   Thumb Code    24  stm32f10x_tim.o(.text)
    TIM_CCPreloadControl                     0x08002435   Thumb Code    24  stm32f10x_tim.o(.text)
    TIM_OC1PreloadConfig                     0x0800244d   Thumb Code    18  stm32f10x_tim.o(.text)
    TIM_OC2PreloadConfig                     0x0800245f   Thumb Code    26  stm32f10x_tim.o(.text)
    TIM_OC3PreloadConfig                     0x08002479   Thumb Code    18  stm32f10x_tim.o(.text)
    TIM_OC4PreloadConfig                     0x0800248b   Thumb Code    26  stm32f10x_tim.o(.text)
    TIM_OC1FastConfig                        0x080024a5   Thumb Code    18  stm32f10x_tim.o(.text)
    TIM_OC2FastConfig                        0x080024b7   Thumb Code    26  stm32f10x_tim.o(.text)
    TIM_OC3FastConfig                        0x080024d1   Thumb Code    18  stm32f10x_tim.o(.text)
    TIM_OC4FastConfig                        0x080024e3   Thumb Code    26  stm32f10x_tim.o(.text)
    TIM_ClearOC1Ref                          0x080024fd   Thumb Code    18  stm32f10x_tim.o(.text)
    TIM_ClearOC2Ref                          0x0800250f   Thumb Code    24  stm32f10x_tim.o(.text)
    TIM_ClearOC3Ref                          0x08002527   Thumb Code    18  stm32f10x_tim.o(.text)
    TIM_ClearOC4Ref                          0x08002539   Thumb Code    24  stm32f10x_tim.o(.text)
    TIM_OC1PolarityConfig                    0x08002551   Thumb Code    18  stm32f10x_tim.o(.text)
    TIM_OC1NPolarityConfig                   0x08002563   Thumb Code    18  stm32f10x_tim.o(.text)
    TIM_OC2PolarityConfig                    0x08002575   Thumb Code    26  stm32f10x_tim.o(.text)
    TIM_OC2NPolarityConfig                   0x0800258f   Thumb Code    26  stm32f10x_tim.o(.text)
    TIM_OC3PolarityConfig                    0x080025a9   Thumb Code    26  stm32f10x_tim.o(.text)
    TIM_OC3NPolarityConfig                   0x080025c3   Thumb Code    26  stm32f10x_tim.o(.text)
    TIM_OC4PolarityConfig                    0x080025dd   Thumb Code    26  stm32f10x_tim.o(.text)
    TIM_CCxCmd                               0x080025f7   Thumb Code    30  stm32f10x_tim.o(.text)
    TIM_CCxNCmd                              0x08002615   Thumb Code    30  stm32f10x_tim.o(.text)
    TIM_SelectOCxM                           0x08002633   Thumb Code    82  stm32f10x_tim.o(.text)
    TIM_UpdateDisableConfig                  0x08002685   Thumb Code    24  stm32f10x_tim.o(.text)
    TIM_UpdateRequestConfig                  0x0800269d   Thumb Code    24  stm32f10x_tim.o(.text)
    TIM_SelectHallSensor                     0x080026b5   Thumb Code    24  stm32f10x_tim.o(.text)
    TIM_SelectOnePulseMode                   0x080026cd   Thumb Code    18  stm32f10x_tim.o(.text)
    TIM_SelectOutputTrigger                  0x080026df   Thumb Code    18  stm32f10x_tim.o(.text)
    TIM_SelectSlaveMode                      0x080026f1   Thumb Code    18  stm32f10x_tim.o(.text)
    TIM_SelectMasterSlaveMode                0x08002703   Thumb Code    18  stm32f10x_tim.o(.text)
    TIM_SetCounter                           0x08002715   Thumb Code     4  stm32f10x_tim.o(.text)
    TIM_SetAutoreload                        0x08002719   Thumb Code     4  stm32f10x_tim.o(.text)
    TIM_SetCompare1                          0x0800271d   Thumb Code     4  stm32f10x_tim.o(.text)
    TIM_SetCompare2                          0x08002721   Thumb Code     4  stm32f10x_tim.o(.text)
    TIM_SetCompare3                          0x08002725   Thumb Code     4  stm32f10x_tim.o(.text)
    TIM_SetCompare4                          0x08002729   Thumb Code     6  stm32f10x_tim.o(.text)
    TIM_SetClockDivision                     0x0800272f   Thumb Code    18  stm32f10x_tim.o(.text)
    TIM_GetCapture1                          0x08002741   Thumb Code     6  stm32f10x_tim.o(.text)
    TIM_GetCapture2                          0x08002747   Thumb Code     6  stm32f10x_tim.o(.text)
    TIM_GetCapture3                          0x0800274d   Thumb Code     6  stm32f10x_tim.o(.text)
    TIM_GetCapture4                          0x08002753   Thumb Code     8  stm32f10x_tim.o(.text)
    TIM_GetCounter                           0x0800275b   Thumb Code     6  stm32f10x_tim.o(.text)
    TIM_GetPrescaler                         0x08002761   Thumb Code     6  stm32f10x_tim.o(.text)
    TIM_GetFlagStatus                        0x08002767   Thumb Code    18  stm32f10x_tim.o(.text)
    TIM_ClearFlag                            0x08002779   Thumb Code     6  stm32f10x_tim.o(.text)
    TIM_GetITStatus                          0x0800277f   Thumb Code    34  stm32f10x_tim.o(.text)
    TIM_ClearITPendingBit                    0x080027a1   Thumb Code     6  stm32f10x_tim.o(.text)
    USART_DeInit                             0x080027a9   Thumb Code   134  stm32f10x_usart.o(.text)
    USART_Init                               0x0800282f   Thumb Code   210  stm32f10x_usart.o(.text)
    USART_StructInit                         0x08002901   Thumb Code    24  stm32f10x_usart.o(.text)
    USART_ClockInit                          0x08002919   Thumb Code    34  stm32f10x_usart.o(.text)
    USART_ClockStructInit                    0x0800293b   Thumb Code    12  stm32f10x_usart.o(.text)
    USART_Cmd                                0x08002947   Thumb Code    24  stm32f10x_usart.o(.text)
    USART_ITConfig                           0x0800295f   Thumb Code    74  stm32f10x_usart.o(.text)
    USART_DMACmd                             0x080029a9   Thumb Code    18  stm32f10x_usart.o(.text)
    USART_SetAddress                         0x080029bb   Thumb Code    18  stm32f10x_usart.o(.text)
    USART_WakeUpConfig                       0x080029cd   Thumb Code    18  stm32f10x_usart.o(.text)
    USART_ReceiverWakeUpCmd                  0x080029df   Thumb Code    24  stm32f10x_usart.o(.text)
    USART_LINBreakDetectLengthConfig         0x080029f7   Thumb Code    18  stm32f10x_usart.o(.text)
    USART_LINCmd                             0x08002a09   Thumb Code    24  stm32f10x_usart.o(.text)
    USART_SendData                           0x08002a21   Thumb Code     8  stm32f10x_usart.o(.text)
    USART_ReceiveData                        0x08002a29   Thumb Code    10  stm32f10x_usart.o(.text)
    USART_SendBreak                          0x08002a33   Thumb Code    10  stm32f10x_usart.o(.text)
    USART_SetGuardTime                       0x08002a3d   Thumb Code    16  stm32f10x_usart.o(.text)
    USART_SetPrescaler                       0x08002a4d   Thumb Code    16  stm32f10x_usart.o(.text)
    USART_SmartCardCmd                       0x08002a5d   Thumb Code    24  stm32f10x_usart.o(.text)
    USART_SmartCardNACKCmd                   0x08002a75   Thumb Code    24  stm32f10x_usart.o(.text)
    USART_HalfDuplexCmd                      0x08002a8d   Thumb Code    24  stm32f10x_usart.o(.text)
    USART_OverSampling8Cmd                   0x08002aa5   Thumb Code    22  stm32f10x_usart.o(.text)
    USART_OneBitMethodCmd                    0x08002abb   Thumb Code    24  stm32f10x_usart.o(.text)
    USART_IrDAConfig                         0x08002ad3   Thumb Code    18  stm32f10x_usart.o(.text)
    USART_IrDACmd                            0x08002ae5   Thumb Code    24  stm32f10x_usart.o(.text)
    USART_GetFlagStatus                      0x08002afd   Thumb Code    26  stm32f10x_usart.o(.text)
    USART_ClearFlag                          0x08002b17   Thumb Code    18  stm32f10x_usart.o(.text)
    USART_GetITStatus                        0x08002b29   Thumb Code    84  stm32f10x_usart.o(.text)
    USART_ClearITPendingBit                  0x08002b7d   Thumb Code    52  stm32f10x_usart.o(.text)
    main                                     0x08002bb1   Thumb Code   312  main.o(.text)
    USART5_Proc                              0x08002d0d   Thumb Code     8  function.o(.text)
    USART4_Proc                              0x08002d15   Thumb Code    14  function.o(.text)
    USART2_Proc                              0x08002d23   Thumb Code    14  function.o(.text)
    USART1_Proc                              0x08002d31   Thumb Code    14  function.o(.text)
    FunctionProce                            0x08002d3f   Thumb Code    24  function.o(.text)
    Function_10ms                            0x08002d57   Thumb Code    40  function.o(.text)
    Function_30ms                            0x08002d7f   Thumb Code     8  function.o(.text)
    Function_50ms                            0x08002d87   Thumb Code    54  function.o(.text)
    Function_100ms                           0x08002dbd   Thumb Code    16  function.o(.text)
    Function_200ms                           0x08002dcd   Thumb Code     2  function.o(.text)
    Function_300ms                           0x08002dcf   Thumb Code     2  function.o(.text)
    Function_500ms                           0x08002dd1   Thumb Code     8  function.o(.text)
    function_prtf                            0x08002dd9   Thumb Code     2  function.o(.text)
    LED_WorkCtrlFun                          0x08002ddb   Thumb Code    62  function.o(.text)
    Function_1s                              0x08002e19   Thumb Code    12  function.o(.text)
    swgPtb5                                  0x08002e4d   Thumb Code    20  sys.o(.text)
    swgPtbUx                                 0x08002e61   Thumb Code    24  sys.o(.text)
    swgPtn                                   0x08002e79   Thumb Code    36  sys.o(.text)
    swgPtnUx                                 0x08002e9d   Thumb Code    42  sys.o(.text)
    swgPrtData                               0x08002ec7   Thumb Code    60  sys.o(.text)
    swgPrtDataUx                             0x08002f03   Thumb Code    70  sys.o(.text)
    HBT                                      0x08002f49   Thumb Code    12  sys.o(.text)
    LBT                                      0x08002f55   Thumb Code     8  sys.o(.text)
    CheckCrc_16bit                           0x08002f5d   Thumb Code    54  sys.o(.text)
    CheckCrc_8bit                            0x08002f93   Thumb Code    54  sys.o(.text)
    NVIC_Configuration                       0x08002fc9   Thumb Code    12  sys.o(.text)
    delay_init                               0x08002fe9   Thumb Code    52  delay.o(.text)
    delay_us                                 0x0800301d   Thumb Code    56  delay.o(.text)
    delay_ms                                 0x08003055   Thumb Code    56  delay.o(.text)
    delay_ms_extend                          0x0800308d   Thumb Code    32  delay.o(.text)
    delay_s                                  0x080030ad   Thumb Code    26  delay.o(.text)
    LED_Init                                 0x080030d1   Thumb Code    46  led.o(.text)
    LED_debug                                0x080030ff   Thumb Code    32  led.o(.text)
    Timer3_Init                              0x08003125   Thumb Code   106  timer.o(.text)
    TIM3_IRQHandler                          0x0800318f   Thumb Code   178  timer.o(.text)
    Timer4_Init                              0x08003241   Thumb Code    90  timer.o(.text)
    TIM4_IRQHandler                          0x0800329b   Thumb Code   100  timer.o(.text)
    Switch_Init                              0x08003349   Thumb Code   326  switch.o(.text)
    Encoder_Set_OneByte_Fun                  0x080034a9   Thumb Code    42  encoder.o(.text)
    Encoder_Set_Resp_Fun                     0x080034d3   Thumb Code    44  encoder.o(.text)
    Encoder_Set_Pos_Fun                      0x080034ff   Thumb Code    56  encoder.o(.text)
    Encoder_Read_Round_Fun                   0x08003537   Thumb Code    58  encoder.o(.text)
    Encoder_Read_Pos_Dirc_Fun                0x08003571   Thumb Code    28  encoder.o(.text)
    Encoder_UpdateFromCanFrame               0x0800358d   Thumb Code   140  encoder.o(.text)
    Encoder_Init                             0x08003619   Thumb Code   124  encoder.o(.text)
    Encoder_GetFeedback                      0x08003695   Thumb Code     4  encoder.o(.text)
    WitImu_Init                              0x08003775   Thumb Code    30  wit_imu.o(.text)
    WitImu_OnCanFrame                        0x08003793   Thumb Code    50  wit_imu.o(.text)
    WitImu_GetFeedback                       0x080037c5   Thumb Code     4  wit_imu.o(.text)
    USART1_Init                              0x080037e1   Thumb Code   400  usart.o(.text)
    USART1_DMA_send                          0x08003971   Thumb Code    60  usart.o(.text)
    USART1_IRQHandler                        0x080039ad   Thumb Code   102  usart.o(.text)
    USART2_Init                              0x08003a13   Thumb Code   442  usart.o(.text)
    USART2_DMA_send                          0x08003bcd   Thumb Code   104  usart.o(.text)
    USART2_IRQHandler                        0x08003c35   Thumb Code   120  usart.o(.text)
    DMA1_Channel6_IRQHandler                 0x08003cad   Thumb Code    68  usart.o(.text)
    USART3_Init                              0x08003cf1   Thumb Code   436  usart.o(.text)
    USART3_DMA_send                          0x08003ea5   Thumb Code    56  usart.o(.text)
    USART3_IRQHandler                        0x08003edd   Thumb Code   114  usart.o(.text)
    DMA1_Channel3_IRQHandler                 0x08003f4f   Thumb Code    68  usart.o(.text)
    USART4_Init                              0x08003f93   Thumb Code   458  usart.o(.text)
    UART4_DMA_send                           0x0800415d   Thumb Code    52  usart.o(.text)
    UART4_IRQHandler                         0x08004191   Thumb Code   102  usart.o(.text)
    USART5_Rcc_Config                        0x080041f7   Thumb Code    20  usart.o(.text)
    USART5_Gpio_Config                       0x0800420b   Thumb Code    50  usart.o(.text)
    USART5_Nvic_Config                       0x0800423d   Thumb Code    40  usart.o(.text)
    USART5_Init                              0x08004265   Thumb Code    78  usart.o(.text)
    UART5_IRQHandler                         0x080042b3   Thumb Code    92  usart.o(.text)
    USART_printf                             0x080043d5   Thumb Code   380  usart.o(.text)
    prtData                                  0x08004551   Thumb Code    60  usart.o(.text)
    ring_buf_init                            0x080045af   Thumb Code    42  ring_buf.o(.text)
    ring_buf_available                       0x080045d9   Thumb Code    20  ring_buf.o(.text)
    ring_buf_put                             0x080045ed   Thumb Code    94  ring_buf.o(.text)
    ring_buf_get                             0x0800464b   Thumb Code    90  ring_buf.o(.text)
    uart_rx_driver_init                      0x080046b7   Thumb Code    54  uart_rx_driver.o(.text)
    uart_rx_driver_put                       0x080046ed   Thumb Code    32  uart_rx_driver.o(.text)
    uart_rx_driver_available                 0x0800470d   Thumb Code    20  uart_rx_driver.o(.text)
    uart_rx_driver_read                      0x08004721   Thumb Code    32  uart_rx_driver.o(.text)
    USART2_RxAvailable                       0x08004741   Thumb Code    10  uart_rx_driver.o(.text)
    USART2_RxRead                            0x0800474b   Thumb Code    18  uart_rx_driver.o(.text)
    USART3_RxAvailable                       0x0800475d   Thumb Code    10  uart_rx_driver.o(.text)
    USART3_RxRead                            0x08004767   Thumb Code    18  uart_rx_driver.o(.text)
    CAN1_Filter_Config                       0x08004785   Thumb Code    60  can1.o(.text)
    CAN1_Init_Config                         0x080047c1   Thumb Code    94  can1.o(.text)
    CAN1_GPIO_Config                         0x0800481f   Thumb Code    76  can1.o(.text)
    CAN1_NVIC_Config                         0x0800486b   Thumb Code    40  can1.o(.text)
    USER_CAN1_Init                           0x08004893   Thumb Code    16  can1.o(.text)
    CAN1_Send_Msg                            0x080048a3   Thumb Code   122  can1.o(.text)
    CAN1_RX0_IRQHandler                      0x0800491d   Thumb Code    90  can1.o(.text)
    CAN1_RxProce                             0x08004977   Thumb Code     2  can1.o(.text)
    CAN2_Filter_Config                       0x08004991   Thumb Code    56  can2.o(.text)
    CAN2_Init_Config                         0x080049c9   Thumb Code    94  can2.o(.text)
    CAN2_GPIO_Config                         0x08004a27   Thumb Code    74  can2.o(.text)
    CAN2_NVIC_Config                         0x08004a71   Thumb Code    42  can2.o(.text)
    USER_CAN2_Init                           0x08004a9b   Thumb Code    16  can2.o(.text)
    Can2_Send_Msg                            0x08004aab   Thumb Code   124  can2.o(.text)
    CAN2_RX0_IRQHandler                      0x08004b27   Thumb Code   150  can2.o(.text)
    CAN2_RxProce                             0x08004bbd   Thumb Code     2  can2.o(.text)
    SubBoard_LinkRs485SetRx                  0x08004bdd   Thumb Code     2  subboard_link.o(.text)
    SubBoard_LinkRs485SetTx                  0x08004bdf   Thumb Code     2  subboard_link.o(.text)
    SubBoard_LinkRs485DirInit                0x08004be1   Thumb Code     2  subboard_link.o(.text)
    SubBoard_LinkInit                        0x08004d79   Thumb Code    64  subboard_link.o(.text)
    SubBoard_LinkOnRxByte                    0x08004db9   Thumb Code    14  subboard_link.o(.text)
    SubBoard_LinkProc                        0x08004dc7   Thumb Code    36  subboard_link.o(.text)
    SubBoard_LinkTick10ms                    0x08004deb   Thumb Code    18  subboard_link.o(.text)
    SubBoard_LinkSendFrame                   0x08004dfd   Thumb Code   154  subboard_link.o(.text)
    SubBoard_LinkIsOnline                    0x08004e97   Thumb Code    14  subboard_link.o(.text)
    SubBoard_LinkGetLastState                0x08004ea5   Thumb Code     6  subboard_link.o(.text)
    SubBoard_LinkGetLastError                0x08004eab   Thumb Code     6  subboard_link.o(.text)
    SubBoard_LinkGetLastAckCmd               0x08004eb1   Thumb Code     6  subboard_link.o(.text)
    SubBoard_LinkSetStatus                   0x08004eb7   Thumb Code    10  subboard_link.o(.text)
    SubBoard_LinkSetAck                      0x08004ec1   Thumb Code    14  subboard_link.o(.text)
    control_clamp_float                      0x08004f09   Thumb Code    40  control_math.o(.text)
    control_apply_deadband                   0x08004f31   Thumb Code    38  control_math.o(.text)
    control_map_3point                       0x08004f57   Thumb Code   300  control_math.o(.text)
    ControlDispatcher_NotifyUpperAlive       0x080051d9   Thumb Code     8  control_dispatcher.o(.text)
    ControlDispatcher_Init                   0x08005409   Thumb Code    38  control_dispatcher.o(.text)
    ControlDispatcher_IsUpperAlive           0x0800542f   Thumb Code    16  control_dispatcher.o(.text)
    ControlDispatcher_Update                 0x0800543f   Thumb Code   220  control_dispatcher.o(.text)
    ControlDispatcher_SetUpperCmd            0x0800551b   Thumb Code    36  control_dispatcher.o(.text)
    ControlDispatcher_OnUpperPacketReceived  0x0800553f   Thumb Code   636  control_dispatcher.o(.text)
    ControlDispatcher_GetCmd                 0x080057bb   Thumb Code     4  control_dispatcher.o(.text)
    ArmAutoTask_Init                         0x08005995   Thumb Code    20  arm_auto_task.o(.text)
    ArmAutoTask_Start                        0x080059a9   Thumb Code   340  arm_auto_task.o(.text)
    ArmAutoTask_Stop                         0x08005afd   Thumb Code    28  arm_auto_task.o(.text)
    ArmAutoTask_Proc10ms                     0x08005b19   Thumb Code   444  arm_auto_task.o(.text)
    ArmAutoTask_GetState                     0x08005cd5   Thumb Code     6  arm_auto_task.o(.text)
    ArmAutoTask_GetError                     0x08005cdb   Thumb Code     6  arm_auto_task.o(.text)
    ArmAutoTask_IsBusy                       0x08005ce1   Thumb Code    38  arm_auto_task.o(.text)
    ROS2_CommProc                            0x08005d21   Thumb Code     8  ros2_comm.o(.text)
    Rmt_CommProc                             0x08005d29   Thumb Code   142  rmt_comm.o(.text)
    Upper_CommProc                           0x08005e05   Thumb Code   282  upper_comm.o(.text)
    UpperFeedback_SendArmState               0x08006119   Thumb Code   274  upper_feedback.o(.text)
    UpperFeedback_SendActuatorEcho           0x0800622b   Thumb Code   360  upper_feedback.o(.text)
    UpperFeedback_SendDiag                   0x08006393   Thumb Code   230  upper_feedback.o(.text)
    cbus_crc1                                0x08006479   Thumb Code    54  rmt_data.o(.text)
    cbus_crc2                                0x080064af   Thumb Code    58  rmt_data.o(.text)
    RmtDataExchange                          0x080064e9   Thumb Code  1482  rmt_data.o(.text)
    Proce_Rmtdata                            0x08006ab3   Thumb Code   392  rmt_data.o(.text)
    SubBoardProtocol_OnFrame                 0x08006c7f   Thumb Code    92  subboard_protocol.o(.text)
    SubBoardProtocol_SendHeartbeat           0x08006cdb   Thumb Code    14  subboard_protocol.o(.text)
    SubBoardProtocol_SendSetMode             0x08006ce9   Thumb Code    18  subboard_protocol.o(.text)
    SubBoardProtocol_SendServo123Speed       0x08006cfb   Thumb Code    50  subboard_protocol.o(.text)
    SubBoardProtocol_SendServo123Position    0x08006d2d   Thumb Code    80  subboard_protocol.o(.text)
    SubBoardProtocol_SendAutoStart           0x08006d7d   Thumb Code    50  subboard_protocol.o(.text)
    SubBoardProtocol_SendAutoStop            0x08006daf   Thumb Code    14  subboard_protocol.o(.text)
    SubBoardProtocol_SendEStop               0x08006dbd   Thumb Code    14  subboard_protocol.o(.text)
    SendSteer_Position3_SYNC_DataFun         0x08006dcd   Thumb Code    32  steer_data.o(.text)
    SendSteerData                            0x08006ded   Thumb Code    60  steer_data.o(.text)
    SendSteer_SYNC_SetMode                   0x08006e29   Thumb Code    56  steer_data.o(.text)
    SendSteer_SYNC_DataFun                   0x08006e61   Thumb Code     8  steer_data.o(.text)
    SendSteer_SYNC_SetDefaultMode            0x08006e69   Thumb Code    10  steer_data.o(.text)
    SendSteer_Rotate_SpeedRun                0x08006e73   Thumb Code     2  steer_data.o(.text)
    SendSteer_SYNC_SpeedRun                  0x08006e75   Thumb Code    22  steer_data.o(.text)
    SteerSpeedValue_SpeedMode                0x08006e8b   Thumb Code    44  steer_data.o(.text)
    Steer_ControlProc                        0x08006eb7   Thumb Code   158  steer_data.o(.text)
    RmtSteer_SpeedFun                        0x08006f55   Thumb Code     8  steer_data.o(.text)
    Send_PTZ_Data                            0x08007159   Thumb Code    72  ptz_data.o(.text)
    PTZ_SetMoveCmd                           0x080071a1   Thumb Code   114  ptz_data.o(.text)
    PTZ_SetLRSpeed                           0x08007213   Thumb Code    22  ptz_data.o(.text)
    PTZ_SetUDSpeed                           0x08007229   Thumb Code    22  ptz_data.o(.text)
    PTZ_Stop                                 0x0800723f   Thumb Code    24  ptz_data.o(.text)
    PTZ_SetAngleTarget                       0x0800727f   Thumb Code    74  ptz_data.o(.text)
    PTZ_DisableAngleCtrl                     0x080072c9   Thumb Code    22  ptz_data.o(.text)
    PTZ_RecvDataProc                         0x08007451   Thumb Code    94  ptz_data.o(.text)
    PTZ_ControlProc                          0x080074af   Thumb Code    64  ptz_data.o(.text)
    PTZ_ApplyControlCmd                      0x080074ef   Thumb Code     8  ptz_data.o(.text)
    YushuMotor_SendControl                   0x08007697   Thumb Code    12  yushu_motor_data.o(.text)
    SendYushuMotorDataFun                    0x080076a3   Thumb Code     2  yushu_motor_data.o(.text)
    SendYushuMotor_MoveCmd                   0x080076a5   Thumb Code   112  yushu_motor_data.o(.text)
    RmtYushuMotor_MoveCmd                    0x08007715   Thumb Code   218  yushu_motor_data.o(.text)
    YushuMotor_ControlProc                   0x080077ef   Thumb Code   530  yushu_motor_data.o(.text)
    RmtYushuMotor_SpeedFun                   0x08007a01   Thumb Code     8  yushu_motor_data.o(.text)
    modify_data                              0x08007a55   Thumb Code   354  go-m8010-6.o(.text)
    extract_data                             0x08007bb7   Thumb Code   160  go-m8010-6.o(.text)
    SERVO_Send_recv                          0x08007c57   Thumb Code    64  go-m8010-6.o(.text)
    WitCanWriteRegister                      0x08007da3   Thumb Code    18  wit_c_sdk.o(.text)
    WitCanDataIn                             0x08007db5   Thumb Code    90  wit_c_sdk.o(.text)
    WitRegisterCallBack                      0x08007e0f   Thumb Code    18  wit_c_sdk.o(.text)
    WitWriteReg                              0x08007e21   Thumb Code    94  wit_c_sdk.o(.text)
    WitReadReg                               0x08007e7f   Thumb Code   110  wit_c_sdk.o(.text)
    WitInit                                  0x08007eed   Thumb Code    24  wit_c_sdk.o(.text)
    WitDelayMsRegister                       0x08007f05   Thumb Code    18  wit_c_sdk.o(.text)
    CheckRange                               0x08007f17   Thumb Code    18  wit_c_sdk.o(.text)
    WitStartAccCali                          0x08007f29   Thumb Code    72  wit_c_sdk.o(.text)
    WitStopAccCali                           0x08007f71   Thumb Code    70  wit_c_sdk.o(.text)
    WitStartMagCali                          0x08007fb7   Thumb Code    72  wit_c_sdk.o(.text)
    WitStopMagCali                           0x08007fff   Thumb Code    72  wit_c_sdk.o(.text)
    WitSetUartBaud                           0x08008047   Thumb Code    92  wit_c_sdk.o(.text)
    WitSetCanBaud                            0x080080a3   Thumb Code    92  wit_c_sdk.o(.text)
    WitSetBandwidth                          0x080080ff   Thumb Code   120  wit_c_sdk.o(.text)
    WitSetOutputRate                         0x08008177   Thumb Code    92  wit_c_sdk.o(.text)
    WitSetContent                            0x080081d3   Thumb Code    94  wit_c_sdk.o(.text)
    __aeabi_uldivmod                         0x08008239   Thumb Code    98  uldiv.o(.text)
    __aeabi_memcpy                           0x0800829b   Thumb Code    36  memcpya.o(.text)
    __aeabi_memcpy4                          0x0800829b   Thumb Code     0  memcpya.o(.text)
    __aeabi_memcpy8                          0x0800829b   Thumb Code     0  memcpya.o(.text)
    __aeabi_memset                           0x080082bf   Thumb Code    14  memseta.o(.text)
    __aeabi_memset4                          0x080082bf   Thumb Code     0  memseta.o(.text)
    __aeabi_memset8                          0x080082bf   Thumb Code     0  memseta.o(.text)
    __aeabi_memclr                           0x080082cd   Thumb Code     4  memseta.o(.text)
    __aeabi_memclr4                          0x080082cd   Thumb Code     0  memseta.o(.text)
    __aeabi_memclr8                          0x080082cd   Thumb Code     0  memseta.o(.text)
    _memset$wrapper                          0x080082d1   Thumb Code    18  memseta.o(.text)
    __aeabi_fadd                             0x080082e3   Thumb Code   164  fadd.o(.text)
    __aeabi_fsub                             0x08008387   Thumb Code     6  fadd.o(.text)
    __aeabi_frsub                            0x0800838d   Thumb Code     6  fadd.o(.text)
    __aeabi_fmul                             0x08008393   Thumb Code   100  fmul.o(.text)
    __aeabi_fdiv                             0x080083f7   Thumb Code   124  fdiv.o(.text)
    __aeabi_i2f                              0x08008473   Thumb Code    18  fflti.o(.text)
    __aeabi_ui2f                             0x08008485   Thumb Code    10  ffltui.o(.text)
    __aeabi_f2iz                             0x0800848f   Thumb Code    50  ffixi.o(.text)
    __aeabi_f2uiz                            0x080084c1   Thumb Code    40  ffixui.o(.text)
    __aeabi_cfcmpeq                          0x080084e9   Thumb Code     0  cfcmple.o(.text)
    __aeabi_cfcmple                          0x080084e9   Thumb Code    20  cfcmple.o(.text)
    __aeabi_cfrcmple                         0x080084fd   Thumb Code    20  cfrcmple.o(.text)
    __aeabi_llsl                             0x08008511   Thumb Code    30  llshl.o(.text)
    _ll_shift_l                              0x08008511   Thumb Code     0  llshl.o(.text)
    __aeabi_llsr                             0x0800852f   Thumb Code    32  llushr.o(.text)
    _ll_ushift_r                             0x0800852f   Thumb Code     0  llushr.o(.text)
    __I$use$fp                               0x0800854f   Thumb Code     0  iusefp.o(.text)
    _float_round                             0x0800854f   Thumb Code    18  fepilogue.o(.text)
    _float_epilogue                          0x08008561   Thumb Code    92  fepilogue.o(.text)
    __scatterload                            0x080085bd   Thumb Code    28  init.o(.text)
    __scatterload_rt2                        0x080085bd   Thumb Code     0  init.o(.text)
    __decompress                             0x080085e1   Thumb Code     0  __dczerorl2.o(.text)
    __decompress1                            0x080085e1   Thumb Code    86  __dczerorl2.o(.text)
    __0sprintf$8                             0x08008639   Thumb Code    34  printf8.o(i.__0sprintf$8)
    __1sprintf$8                             0x08008639   Thumb Code     0  printf8.o(i.__0sprintf$8)
    __2sprintf                               0x08008639   Thumb Code     0  printf8.o(i.__0sprintf$8)
    __scatterload_copy                       0x08008661   Thumb Code    14  handlers.o(i.__scatterload_copy)
    __scatterload_null                       0x0800866f   Thumb Code     2  handlers.o(i.__scatterload_null)
    __scatterload_zeroinit                   0x08008671   Thumb Code    14  handlers.o(i.__scatterload_zeroinit)
    crc_ccitt_table                          0x08008aec   Data         512  go-m8010-6.o(.constdata)
    Region$$Table$$Base                      0x08008cec   Number         0  anon$$obj.o(Region$$Table)
    Region$$Table$$Limit                     0x08008d0c   Number         0  anon$$obj.o(Region$$Table)
    SystemCoreClock                          0x20000000   Data           4  system_stm32f10x.o(.data)
    AHBPrescTable                            0x20000004   Data          16  system_stm32f10x.o(.data)
    g_RmtUpManCtrlMode                       0x20000036   Data           1  function.o(.data)
    g_RmtUpManRealMode                       0x20000037   Data           1  function.o(.data)
    flag10ms                                 0x20000040   Data           2  timer.o(.data)
    CntRx1                                   0x20000042   Data           2  timer.o(.data)
    CntRx2                                   0x20000044   Data           2  timer.o(.data)
    CntRx3                                   0x20000046   Data           2  timer.o(.data)
    CntRx4                                   0x20000048   Data           2  timer.o(.data)
    CntRx5                                   0x2000004a   Data           2  timer.o(.data)
    CntRxUp                                  0x2000004c   Data           2  timer.o(.data)
    CntRxAssist                              0x2000004e   Data           2  timer.o(.data)
    CntRxRmt                                 0x20000050   Data           2  timer.o(.data)
    CntRxCAN1                                0x20000052   Data           2  timer.o(.data)
    CntRxCAN2                                0x20000054   Data           2  timer.o(.data)
    UpOutCommunFlg                           0x20000056   Data           1  timer.o(.data)
    AssistOutCommunFlg                       0x20000057   Data           1  timer.o(.data)
    RmtOutCommunFlg                          0x20000058   Data           1  timer.o(.data)
    CAN1_OutCommunFlg                        0x20000059   Data           1  timer.o(.data)
    CAN2_OutCommunFlg                        0x2000005a   Data           1  timer.o(.data)
    RmtPwrOffFlg                             0x2000005b   Data           1  timer.o(.data)
    Encoder_Set_OneByte                      0x20000060   Data           3  encoder.o(.data)
    Encoder_Set_Resp                         0x20000063   Data           4  encoder.o(.data)
    Encoder_Set_Pos                          0x20000067   Data           6  encoder.o(.data)
    RxRoundBuffer                            0x2000006e   Data           4  encoder.o(.data)
    Code                                     0x20000072   Data          14  encoder.o(.data)
    USART1_RX_STA                            0x20000094   Data           2  usart.o(.data)
    LEN1                                     0x20000098   Data           4  usart.o(.data)
    USART2_RX_STA                            0x2000009c   Data           2  usart.o(.data)
    LEN2                                     0x200000a0   Data           4  usart.o(.data)
    USART3_RX_STA                            0x200000a4   Data           2  usart.o(.data)
    LEN3                                     0x200000a8   Data           4  usart.o(.data)
    USART4_RX_STA                            0x200000ac   Data           2  usart.o(.data)
    LEN4                                     0x200000b0   Data           4  usart.o(.data)
    USART5_RX_STA                            0x200000b4   Data           2  usart.o(.data)
    LEN5                                     0x200000b8   Data           4  usart.o(.data)
    canrxbuf1                                0x200000bc   Data           8  can1.o(.data)
    CAN1_SendMsg1                            0x200000cc   Data           8  can1.o(.data)
    CAN1_SendMsg2                            0x200000d4   Data           2  can1.o(.data)
    canrxbuf2                                0x200000d6   Data           8  can2.o(.data)
    CAN2_SendMsg1                            0x200000de   Data           8  can2.o(.data)
    g_ctrl_source_req                        0x200000f2   Data           1  control_dispatcher.o(.data)
    g_ctrl_source_active                     0x200000f3   Data           1  control_dispatcher.o(.data)
    Num_Rud_Arr                              0x20000118   Data          24  rmt_data.o(.data)
    Num_Gear_Arr                             0x20000130   Data          24  rmt_data.o(.data)
    Num_Y1_Arr                               0x20000148   Data          24  rmt_data.o(.data)
    RmtRudValue                              0x20000160   Data           4  rmt_data.o(.data)
    RmtThroValue                             0x20000164   Data           4  rmt_data.o(.data)
    RmtNaviValue                             0x20000168   Data           4  rmt_data.o(.data)
    RmtGearValue                             0x2000016c   Data           4  rmt_data.o(.data)
    Rmt_PTZ_UpDown                           0x20000170   Data           1  rmt_data.o(.data)
    Rmt_PTZ_LftRgt                           0x20000171   Data           1  rmt_data.o(.data)
    RmtClutchStartStop                       0x20000172   Data           1  rmt_data.o(.data)
    Rmt_Y1_Value                             0x20000174   Data           4  rmt_data.o(.data)
    RmtHalt_Stat                             0x20000178   Data           1  rmt_data.o(.data)
    Rmtrece_Msg                              0x2000017a   Data          40  rmt_data.o(.data)
    Rmtsend_Msg                              0x200001a2   Data          22  rmt_data.o(.data)
    Staterece_Msg                            0x200001b8   Data          16  rmt_data.o(.data)
    Y1_Speed_Arr                             0x200001d0   Data          24  steer_data.o(.data)
    SteerRunSpeed                            0x200001e8   Data           2  steer_data.o(.data)
    SteerRunMode                             0x200001ea   Data           1  steer_data.o(.data)
    SteerActualMode                          0x200001eb   Data           1  steer_data.o(.data)
    SteerDataBuf                             0x200001ec   Data          13  steer_data.o(.data)
    SteerDataBuf_SYNC                        0x200001f9   Data          36  steer_data.o(.data)
    SteerDataBuf_RunMode                     0x2000021d   Data          16  steer_data.o(.data)
    SteerDataBuf_SpeedRun                    0x2000022d   Data          20  steer_data.o(.data)
    SteerSendMsg_1                           0x20000242   Data           8  steer_data.o(.data)
    SteerSendMsgArr                          0x2000024a   Data          32  steer_data.o(.data)
    PTZ_UpDownMoveFlg                        0x2000026c   Data           1  ptz_data.o(.data)
    PTZ_LftRgtMoveFlg                        0x2000026d   Data           1  ptz_data.o(.data)
    PTZ_SendFrame_Cmd                        0x2000026e   Data           7  ptz_data.o(.data)
    PTZ_RecvFrame_Cmd                        0x20000275   Data           7  ptz_data.o(.data)
    Ptz_WorkStatus                           0x2000027c   Data           1  ptz_data.o(.data)
    YushuSpeed                               0x20000288   Data           4  yushu_motor_data.o(.data)
    Gear_Speed_Arr                           0x2000028c   Data          24  yushu_motor_data.o(.data)
    USART2_SendBuf                           0x200002d0   Data          60  function.o(.bss)
    USART4_SendBuf                           0x2000030c   Data          60  function.o(.bss)
    cmd                                      0x20000348   Data          64  function.o(.bss)
    data                                     0x20000388   Data          64  function.o(.bss)
    str                                      0x200003c8   Data         100  sys.o(.bss)
    USART1_DMA_Tx_Buf                        0x2000042c   Data         100  usart.o(.bss)
    USART1_DMA_Rece_Buf                      0x20000490   Data         100  usart.o(.bss)
    USART1_RX_BUF                            0x200004f4   Data         100  usart.o(.bss)
    USART2_DMA_Tx_Buf                        0x20000558   Data         100  usart.o(.bss)
    USART2_DMA_Rece_Buf                      0x200005bc   Data         100  usart.o(.bss)
    USART2_RX_BUF                            0x20000620   Data         100  usart.o(.bss)
    USART3_DMA_Tx_Buf                        0x20000684   Data         100  usart.o(.bss)
    USART3_DMA_Rece_Buf                      0x200006e8   Data         100  usart.o(.bss)
    USART3_RX_BUF                            0x2000074c   Data         100  usart.o(.bss)
    UART4_DMA_Tx_Buf                         0x200007b0   Data         100  usart.o(.bss)
    UART4_DMA_Rece_Buf                       0x20000814   Data         100  usart.o(.bss)
    UART4_RX_BUF                             0x20000878   Data         100  usart.o(.bss)
    USART5_RX_BUF                            0x200008dc   Data         100  usart.o(.bss)
    g_ctrl_cmd                               0x20000e38   Data          28  control_dispatcher.o(.bss)
    sReg                                     0x20000f28   Data         288  wit_c_sdk.o(.bss)
    __initial_sp                             0x20001448   Data           0  startup_stm32f10x_cl.o(STACK)



==============================================================================

Memory Map of the image

  Image Entry point : 0x08000151

  Load Region LR_IROM1 (Base: 0x08000000, Size: 0x00008fd8, Max: 0x00040000, ABSOLUTE, COMPRESSED[0x00008e20])

    Execution Region ER_IROM1 (Exec base: 0x08000000, Load base: 0x08000000, Size: 0x00008d0c, Max: 0x00040000, ABSOLUTE)

    Exec Addr    Load Addr    Size         Type   Attr      Idx    E Section Name        Object

    0x08000000   0x08000000   0x00000150   Data   RO          130    RESET               startup_stm32f10x_cl.o
    0x08000150   0x08000150   0x00000000   Code   RO         1028  * .ARM.Collect$$$$00000000  mc_w.l(entry.o)
    0x08000150   0x08000150   0x00000004   Code   RO         1326    .ARM.Collect$$$$00000001  mc_w.l(entry2.o)
    0x08000154   0x08000154   0x00000004   Code   RO         1329    .ARM.Collect$$$$00000004  mc_w.l(entry5.o)
    0x08000158   0x08000158   0x00000000   Code   RO         1331    .ARM.Collect$$$$00000008  mc_w.l(entry7b.o)
    0x08000158   0x08000158   0x00000000   Code   RO         1333    .ARM.Collect$$$$0000000A  mc_w.l(entry8b.o)
    0x08000158   0x08000158   0x00000008   Code   RO         1334    .ARM.Collect$$$$0000000B  mc_w.l(entry9a.o)
    0x08000160   0x08000160   0x00000000   Code   RO         1336    .ARM.Collect$$$$0000000D  mc_w.l(entry10a.o)
    0x08000160   0x08000160   0x00000000   Code   RO         1338    .ARM.Collect$$$$0000000F  mc_w.l(entry11a.o)
    0x08000160   0x08000160   0x00000004   Code   RO         1327    .ARM.Collect$$$$00002712  mc_w.l(entry2.o)
    0x08000164   0x08000164   0x00000284   Code   RO           17    .text               system_stm32f10x.o
    0x080003e8   0x080003e8   0x00000024   Code   RO          131    .text               startup_stm32f10x_cl.o
    0x0800040c   0x0800040c   0x000000dc   Code   RO          135    .text               misc.o
    0x080004e8   0x080004e8   0x000009f0   Code   RO          175    .text               stm32f10x_can.o
    0x08000ed8   0x08000ed8   0x00000254   Code   RO          235    .text               stm32f10x_dma.o
    0x0800112c   0x0800112c   0x0000035c   Code   RO          283    .text               stm32f10x_gpio.o
    0x08001488   0x08001488   0x00000504   Code   RO          331    .text               stm32f10x_rcc.o
    0x0800198c   0x0800198c   0x00000e1a   Code   RO          381    .text               stm32f10x_tim.o
    0x080027a6   0x080027a6   0x00000002   PAD
    0x080027a8   0x080027a8   0x00000408   Code   RO          393    .text               stm32f10x_usart.o
    0x08002bb0   0x08002bb0   0x0000015c   Code   RO          417    .text               main.o
    0x08002d0c   0x08002d0c   0x00000140   Code   RO          530    .text               function.o
    0x08002e4c   0x08002e4c   0x0000019c   Code   RO          549    .text               sys.o
    0x08002fe8   0x08002fe8   0x000000e8   Code   RO          567    .text               delay.o
    0x080030d0   0x080030d0   0x00000054   Code   RO          581    .text               led.o
    0x08003124   0x08003124   0x00000224   Code   RO          599    .text               timer.o
    0x08003348   0x08003348   0x00000160   Code   RO          636    .text               switch.o
    0x080034a8   0x080034a8   0x0000023c   Code   RO          648    .text               encoder.o
    0x080036e4   0x080036e4   0x000000fc   Code   RO          663    .text               wit_imu.o
    0x080037e0   0x080037e0   0x00000dbc   Code   RO          684    .text               usart.o
    0x0800459c   0x0800459c   0x00000108   Code   RO          710    .text               ring_buf.o
    0x080046a4   0x080046a4   0x000000e0   Code   RO          725    .text               uart_rx_driver.o
    0x08004784   0x08004784   0x0000020c   Code   RO          739    .text               can1.o
    0x08004990   0x08004990   0x0000024c   Code   RO          758    .text               can2.o
    0x08004bdc   0x08004bdc   0x0000032c   Code   RO          777    .text               subboard_link.o
    0x08004f08   0x08004f08   0x0000017a   Code   RO          792    .text               control_math.o
    0x08005082   0x08005082   0x00000002   PAD
    0x08005084   0x08005084   0x00000754   Code   RO          807    .text               control_dispatcher.o
    0x080057d8   0x080057d8   0x00000548   Code   RO          826    .text               arm_auto_task.o
    0x08005d20   0x08005d20   0x00000008   Code   RO          841    .text               ros2_comm.o
    0x08005d28   0x08005d28   0x00000098   Code   RO          856    .text               rmt_comm.o
    0x08005dc0   0x08005dc0   0x0000017c   Code   RO          870    .text               upper_comm.o
    0x08005f3c   0x08005f3c   0x0000053c   Code   RO          884    .text               upper_feedback.o
    0x08006478   0x08006478   0x000007ec   Code   RO          898    .text               rmt_data.o
    0x08006c64   0x08006c64   0x00000166   Code   RO          916    .text               subboard_protocol.o
    0x08006dca   0x08006dca   0x00000002   PAD
    0x08006dcc   0x08006dcc   0x000001b0   Code   RO          928    .text               steer_data.o
    0x08006f7c   0x08006f7c   0x000005a8   Code   RO          946    .text               ptz_data.o
    0x08007524   0x08007524   0x000004f4   Code   RO          965    .text               yushu_motor_data.o
    0x08007a18   0x08007a18   0x000002a8   Code   RO          984    .text               go-m8010-6.o
    0x08007cc0   0x08007cc0   0x00000578   Code   RO         1002    .text               wit_c_sdk.o
    0x08008238   0x08008238   0x00000062   Code   RO         1031    .text               mc_w.l(uldiv.o)
    0x0800829a   0x0800829a   0x00000024   Code   RO         1033    .text               mc_w.l(memcpya.o)
    0x080082be   0x080082be   0x00000024   Code   RO         1035    .text               mc_w.l(memseta.o)
    0x080082e2   0x080082e2   0x000000b0   Code   RO         1300    .text               mf_w.l(fadd.o)
    0x08008392   0x08008392   0x00000064   Code   RO         1302    .text               mf_w.l(fmul.o)
    0x080083f6   0x080083f6   0x0000007c   Code   RO         1304    .text               mf_w.l(fdiv.o)
    0x08008472   0x08008472   0x00000012   Code   RO         1310    .text               mf_w.l(fflti.o)
    0x08008484   0x08008484   0x0000000a   Code   RO         1312    .text               mf_w.l(ffltui.o)
    0x0800848e   0x0800848e   0x00000032   Code   RO         1316    .text               mf_w.l(ffixi.o)
    0x080084c0   0x080084c0   0x00000028   Code   RO         1318    .text               mf_w.l(ffixui.o)
    0x080084e8   0x080084e8   0x00000014   Code   RO         1322    .text               mf_w.l(cfcmple.o)
    0x080084fc   0x080084fc   0x00000014   Code   RO         1324    .text               mf_w.l(cfrcmple.o)
    0x08008510   0x08008510   0x0000001e   Code   RO         1345    .text               mc_w.l(llshl.o)
    0x0800852e   0x0800852e   0x00000020   Code   RO         1347    .text               mc_w.l(llushr.o)
    0x0800854e   0x0800854e   0x00000000   Code   RO         1349    .text               mc_w.l(iusefp.o)
    0x0800854e   0x0800854e   0x0000006e   Code   RO         1350    .text               mf_w.l(fepilogue.o)
    0x080085bc   0x080085bc   0x00000024   Code   RO         1360    .text               mc_w.l(init.o)
    0x080085e0   0x080085e0   0x00000056   Code   RO         1374    .text               mc_w.l(__dczerorl2.o)
    0x08008636   0x08008636   0x00000002   PAD
    0x08008638   0x08008638   0x00000028   Code   RO         1248    i.__0sprintf$8      mc_w.l(printf8.o)
    0x08008660   0x08008660   0x0000000e   Code   RO         1368    i.__scatterload_copy  mc_w.l(handlers.o)
    0x0800866e   0x0800866e   0x00000002   Code   RO         1369    i.__scatterload_null  mc_w.l(handlers.o)
    0x08008670   0x08008670   0x0000000e   Code   RO         1370    i.__scatterload_zeroinit  mc_w.l(handlers.o)
    0x0800867e   0x0800867e   0x00000002   PAD
    0x08008680   0x08008680   0x00000410   Code   RO         1253    i._printf_core      mc_w.l(printf8.o)
    0x08008a90   0x08008a90   0x00000024   Code   RO         1254    i._printf_post_padding  mc_w.l(printf8.o)
    0x08008ab4   0x08008ab4   0x0000002e   Code   RO         1255    i._printf_pre_padding  mc_w.l(printf8.o)
    0x08008ae2   0x08008ae2   0x0000000a   Code   RO         1257    i._sputc            mc_w.l(printf8.o)
    0x08008aec   0x08008aec   0x00000200   Data   RO          985    .constdata          go-m8010-6.o
    0x08008cec   0x08008cec   0x00000020   Data   RO         1366    Region$$Table       anon$$obj.o


    Execution Region RW_IRAM1 (Exec base: 0x20000000, Load base: 0x08008d0c, Size: 0x00001448, Max: 0x00010000, ABSOLUTE, COMPRESSED[0x00000114])

    Exec Addr    Load Addr    Size         Type   Attr      Idx    E Section Name        Object

    0x20000000   COMPRESSED   0x00000014   Data   RW           18    .data               system_stm32f10x.o
    0x20000014   COMPRESSED   0x00000014   Data   RW          332    .data               stm32f10x_rcc.o
    0x20000028   COMPRESSED   0x0000000e   Data   RW          418    .data               main.o
    0x20000036   COMPRESSED   0x00000006   Data   RW          532    .data               function.o
    0x2000003c   COMPRESSED   0x00000004   Data   RW          568    .data               delay.o
    0x20000040   COMPRESSED   0x0000001d   Data   RW          600    .data               timer.o
    0x2000005d   COMPRESSED   0x00000003   PAD
    0x20000060   COMPRESSED   0x0000002b   Data   RW          649    .data               encoder.o
    0x2000008b   COMPRESSED   0x00000001   PAD
    0x2000008c   COMPRESSED   0x00000008   Data   RW          664    .data               wit_imu.o
    0x20000094   COMPRESSED   0x00000028   Data   RW          686    .data               usart.o
    0x200000bc   COMPRESSED   0x0000001a   Data   RW          741    .data               can1.o
    0x200000d6   COMPRESSED   0x00000010   Data   RW          760    .data               can2.o
    0x200000e6   COMPRESSED   0x0000000c   Data   RW          779    .data               subboard_link.o
    0x200000f2   COMPRESSED   0x00000006   Data   RW          809    .data               control_dispatcher.o
    0x200000f8   COMPRESSED   0x0000000a   Data   RW          828    .data               arm_auto_task.o
    0x20000102   COMPRESSED   0x00000002   PAD
    0x20000104   COMPRESSED   0x00000004   Data   RW          858    .data               rmt_comm.o
    0x20000108   COMPRESSED   0x00000005   Data   RW          872    .data               upper_comm.o
    0x2000010d   COMPRESSED   0x00000003   PAD
    0x20000110   COMPRESSED   0x00000008   Data   RW          885    .data               upper_feedback.o
    0x20000118   COMPRESSED   0x000000b7   Data   RW          899    .data               rmt_data.o
    0x200001cf   COMPRESSED   0x00000001   PAD
    0x200001d0   COMPRESSED   0x0000009b   Data   RW          929    .data               steer_data.o
    0x2000026b   COMPRESSED   0x00000001   PAD
    0x2000026c   COMPRESSED   0x00000019   Data   RW          948    .data               ptz_data.o
    0x20000285   COMPRESSED   0x00000003   PAD
    0x20000288   COMPRESSED   0x0000002b   Data   RW          967    .data               yushu_motor_data.o
    0x200002b3   COMPRESSED   0x00000001   PAD
    0x200002b4   COMPRESSED   0x00000018   Data   RW         1004    .data               wit_c_sdk.o
    0x200002cc   COMPRESSED   0x00000004   PAD
    0x200002d0        -       0x000000f8   Zero   RW          531    .bss                function.o
    0x200003c8        -       0x00000064   Zero   RW          550    .bss                sys.o
    0x2000042c        -       0x00000514   Zero   RW          685    .bss                usart.o
    0x20000940        -       0x00000420   Zero   RW          726    .bss                uart_rx_driver.o
    0x20000d60        -       0x00000014   Zero   RW          740    .bss                can1.o
    0x20000d74        -       0x00000014   Zero   RW          759    .bss                can2.o
    0x20000d88        -       0x000000b0   Zero   RW          778    .bss                subboard_link.o
    0x20000e38        -       0x00000038   Zero   RW          808    .bss                control_dispatcher.o
    0x20000e70        -       0x00000024   Zero   RW          827    .bss                arm_auto_task.o
    0x20000e94        -       0x0000002d   Zero   RW          857    .bss                rmt_comm.o
    0x20000ec1        -       0x00000042   Zero   RW          871    .bss                upper_comm.o
    0x20000f03   COMPRESSED   0x00000001   PAD
    0x20000f04        -       0x00000018   Zero   RW          947    .bss                ptz_data.o
    0x20000f1c        -       0x0000000c   Zero   RW          966    .bss                yushu_motor_data.o
    0x20000f28        -       0x00000120   Zero   RW         1003    .bss                wit_c_sdk.o
    0x20001048        -       0x00000400   Zero   RW          128    STACK               startup_stm32f10x_cl.o


==============================================================================

Image component sizes


      Code (inc. data)   RO Data    RW Data    ZI Data      Debug   Object Name

      1352         74          0         10         36       5580   arm_auto_task.o
       524         24          0         26         20       2866   can1.o
       588         30          0         16         20       2832   can2.o
      1876        122          0          6         56       7867   control_dispatcher.o
       378          0          0          0          0       1564   control_math.o
         0          0          0          0          0       4556   core_cm3.o
       232         10          0          4          0       1395   delay.o
       572         76          0         43          0       3390   encoder.o
       320         40          0          6        248       3015   function.o
       680         42        512          0          0       2937   go-m8010-6.o
        84          6          0          0          0        585   led.o
       348         36          0         14          0       6975   main.o
       220         22          0          0          0       1737   misc.o
      1448        118          0         25         24       7648   ptz_data.o
       264          0          0          0          0       2945   ring_buf.o
       152         10          0          4         45        655   rmt_comm.o
      2028        122          0        183          0       5114   rmt_data.o
         8          0          0          0          0        448   ros2_comm.o
        36          8        336          0       1024        820   startup_stm32f10x_cl.o
       432         32          0        155          0       4116   steer_data.o
      2544         38          0          0          0       7968   stm32f10x_can.o
       596          8          0          0          0       4302   stm32f10x_dma.o
       860         38          0          0          0       5673   stm32f10x_gpio.o
      1284         64          0         20          0      11246   stm32f10x_rcc.o
      3610         88          0          0          0      22780   stm32f10x_tim.o
      1032         22          0          0          0       8392   stm32f10x_usart.o
       812         66          0         12        176       5631   subboard_link.o
       358          0          0          0          0       3288   subboard_protocol.o
       352         26          0          0          0        650   switch.o
       412         20          0          0        100       4913   sys.o
       644         48          0         20          0     291497   system_stm32f10x.o
       548         74          0         29          0       2492   timer.o
       224         12          0          0       1056       3008   uart_rx_driver.o
       380         36          0          5         66       1857   upper_comm.o
      1340         72          0          8          0       4751   upper_feedback.o
      3516        178          0         40       1300       9780   usart.o
      1400         52          0         24        288       7193   wit_c_sdk.o
       252         24          0          8          0       2451   wit_imu.o
      1268        140          0         43         12       4094   yushu_motor_data.o

    ----------------------------------------------------------------------
     32980       1778        880        716       4476     469011   Object Totals
         0          0         32          0          0          0   (incl. Generated)
         6          0          0         15          5          0   (incl. Padding)

    ----------------------------------------------------------------------

      Code (inc. data)   RO Data    RW Data    ZI Data      Debug   Library Member Name

        86          0          0          0          0          0   __dczerorl2.o
         0          0          0          0          0          0   entry.o
         0          0          0          0          0          0   entry10a.o
         0          0          0          0          0          0   entry11a.o
         8          4          0          0          0          0   entry2.o
         4          0          0          0          0          0   entry5.o
         0          0          0          0          0          0   entry7b.o
         0          0          0          0          0          0   entry8b.o
         8          4          0          0          0          0   entry9a.o
        30          0          0          0          0          0   handlers.o
        36          8          0          0          0         68   init.o
         0          0          0          0          0          0   iusefp.o
        30          0          0          0          0         68   llshl.o
        32          0          0          0          0         68   llushr.o
        36          0          0          0          0         68   memcpya.o
        36          0          0          0          0        108   memseta.o
      1172         50          0          0          0        420   printf8.o
        98          0          0          0          0         92   uldiv.o
        20          0          0          0          0         68   cfcmple.o
        20          0          0          0          0         68   cfrcmple.o
       176          0          0          0          0        140   fadd.o
       124          0          0          0          0         88   fdiv.o
       110          0          0          0          0        168   fepilogue.o
        50          0          0          0          0         68   ffixi.o
        40          0          0          0          0         68   ffixui.o
        18          0          0          0          0         68   fflti.o
        10          0          0          0          0         68   ffltui.o
       100          0          0          0          0         76   fmul.o

    ----------------------------------------------------------------------
      2248         66          0          0          0       1772   Library Totals
         4          0          0          0          0          0   (incl. Padding)

    ----------------------------------------------------------------------

      Code (inc. data)   RO Data    RW Data    ZI Data      Debug   Library Name

      1576         66          0          0          0        892   mc_w.l
       668          0          0          0          0        880   mf_w.l

    ----------------------------------------------------------------------
      2248         66          0          0          0       1772   Library Totals

    ----------------------------------------------------------------------

==============================================================================


      Code (inc. data)   RO Data    RW Data    ZI Data      Debug   

     35228       1844        880        716       4476     466595   Grand Totals
     35228       1844        880        276       4476     466595   ELF Image Totals (compressed)
     35228       1844        880        276          0          0   ROM Totals

==============================================================================

    Total RO  Size (Code + RO Data)                36108 (  35.26kB)
    Total RW  Size (RW Data + ZI Data)              5192 (   5.07kB)
    Total ROM Size (Code + RO Data + RW Data)      36384 (  35.53kB)

==============================================================================

