Component: ARM Compiler 5.06 update 6 (build 750) Tool: armlink [4d35ed]

==============================================================================

Section Cross References

    system_stm32f10x.o(i.SetSysClock) refers to system_stm32f10x.o(i.SetSysClockTo72) for SetSysClockTo72
    system_stm32f10x.o(i.SystemCoreClockUpdate) refers to system_stm32f10x.o(.data) for SystemCoreClock
    system_stm32f10x.o(i.SystemInit) refers to system_stm32f10x.o(i.SetSysClock) for SetSysClock
    startup_stm32f10x_md.o(RESET) refers to startup_stm32f10x_md.o(STACK) for __initial_sp
    startup_stm32f10x_md.o(RESET) refers to startup_stm32f10x_md.o(.text) for Reset_Handler
    startup_stm32f10x_md.o(RESET) refers to stm32f10x_it.o(i.NMI_Handler) for NMI_Handler
    startup_stm32f10x_md.o(RESET) refers to stm32f10x_it.o(i.HardFault_Handler) for HardFault_Handler
    startup_stm32f10x_md.o(RESET) refers to stm32f10x_it.o(i.MemManage_Handler) for MemManage_Handler
    startup_stm32f10x_md.o(RESET) refers to stm32f10x_it.o(i.BusFault_Handler) for BusFault_Handler
    startup_stm32f10x_md.o(RESET) refers to stm32f10x_it.o(i.UsageFault_Handler) for UsageFault_Handler
    startup_stm32f10x_md.o(RESET) refers to stm32f10x_it.o(i.SVC_Handler) for SVC_Handler
    startup_stm32f10x_md.o(RESET) refers to stm32f10x_it.o(i.DebugMon_Handler) for DebugMon_Handler
    startup_stm32f10x_md.o(RESET) refers to stm32f10x_it.o(i.PendSV_Handler) for PendSV_Handler
    startup_stm32f10x_md.o(RESET) refers to stm32f10x_it.o(i.SysTick_Handler) for SysTick_Handler
    startup_stm32f10x_md.o(RESET) refers to usart.o(i.USART1_IRQHandler) for USART1_IRQHandler
    startup_stm32f10x_md.o(.text) refers to system_stm32f10x.o(i.SystemInit) for SystemInit
    startup_stm32f10x_md.o(.text) refers to entry.o(.ARM.Collect$$$$00000000) for __main
    stm32f10x_gpio.o(i.GPIO_AFIODeInit) refers to stm32f10x_rcc.o(i.RCC_APB2PeriphResetCmd) for RCC_APB2PeriphResetCmd
    stm32f10x_gpio.o(i.GPIO_DeInit) refers to stm32f10x_rcc.o(i.RCC_APB2PeriphResetCmd) for RCC_APB2PeriphResetCmd
    stm32f10x_rcc.o(i.RCC_GetClocksFreq) refers to stm32f10x_rcc.o(.data) for APBAHBPrescTable
    stm32f10x_rcc.o(i.RCC_WaitForHSEStartUp) refers to stm32f10x_rcc.o(i.RCC_GetFlagStatus) for RCC_GetFlagStatus
    stm32f10x_usart.o(i.USART_DeInit) refers to stm32f10x_rcc.o(i.RCC_APB2PeriphResetCmd) for RCC_APB2PeriphResetCmd
    stm32f10x_usart.o(i.USART_DeInit) refers to stm32f10x_rcc.o(i.RCC_APB1PeriphResetCmd) for RCC_APB1PeriphResetCmd
    stm32f10x_usart.o(i.USART_Init) refers to stm32f10x_rcc.o(i.RCC_GetClocksFreq) for RCC_GetClocksFreq
    main.o(i.main) refers to delay.o(i.Delay_Init) for Delay_Init
    main.o(i.main) refers to gpio.o(i.EndGpio_Init) for EndGpio_Init
    main.o(i.main) refers to usart.o(i.SubUart_Init) for SubUart_Init
    main.o(i.main) refers to rs485_link.o(i.Rs485Link_Init) for Rs485Link_Init
    main.o(i.main) refers to end_effector_task.o(i.EndEffectorTask_Init) for EndEffectorTask_Init
    main.o(i.main) refers to rs485_link.o(i.Rs485Link_Proc) for Rs485Link_Proc
    main.o(i.main) refers to end_effector_task.o(i.EndEffectorTask_Proc) for EndEffectorTask_Proc
    main.o(i.main) refers to delay.o(i.Delay_ms) for Delay_ms
    end_effector_task.o(i.EndEffectorTask_EStop) refers to feetech_servo.o(i.FeetechServo_StopAll) for FeetechServo_StopAll
    end_effector_task.o(i.EndEffectorTask_EStop) refers to pushrod.o(i.Pushrod_Stop) for Pushrod_Stop
    end_effector_task.o(i.EndEffectorTask_EStop) refers to end_effector_task.o(i.EndEffectorTask_SetState) for EndEffectorTask_SetState
    end_effector_task.o(i.EndEffectorTask_GetError) refers to end_effector_task.o(.data) for EndError
    end_effector_task.o(i.EndEffectorTask_GetState) refers to end_effector_task.o(.data) for EndState
    end_effector_task.o(i.EndEffectorTask_Init) refers to feetech_servo.o(i.FeetechServo_Init) for FeetechServo_Init
    end_effector_task.o(i.EndEffectorTask_Init) refers to pushrod.o(i.Pushrod_Stop) for Pushrod_Stop
    end_effector_task.o(i.EndEffectorTask_Init) refers to end_effector_task.o(.data) for EndState
    end_effector_task.o(i.EndEffectorTask_Proc) refers to pushrod.o(i.Pushrod_Stop) for Pushrod_Stop
    end_effector_task.o(i.EndEffectorTask_Proc) refers to feetech_servo.o(i.FeetechServo_SetRotateSpeed) for FeetechServo_SetRotateSpeed
    end_effector_task.o(i.EndEffectorTask_Proc) refers to gpio.o(i.EndGpio_ObjectDetected) for EndGpio_ObjectDetected
    end_effector_task.o(i.EndEffectorTask_Proc) refers to end_effector_task.o(i.EndEffectorTask_SetState) for EndEffectorTask_SetState
    end_effector_task.o(i.EndEffectorTask_Proc) refers to pushrod.o(i.Pushrod_Extend) for Pushrod_Extend
    end_effector_task.o(i.EndEffectorTask_Proc) refers to pushrod.o(i.Pushrod_Retract) for Pushrod_Retract
    end_effector_task.o(i.EndEffectorTask_Proc) refers to end_effector_task.o(.data) for StateTicks
    end_effector_task.o(i.EndEffectorTask_SetMode) refers to end_effector_task.o(i.EndEffectorTask_SetState) for EndEffectorTask_SetState
    end_effector_task.o(i.EndEffectorTask_SetMode) refers to feetech_servo.o(i.FeetechServo_Stop123) for FeetechServo_Stop123
    end_effector_task.o(i.EndEffectorTask_SetMode) refers to end_effector_task.o(i.EndEffectorTask_EStop) for EndEffectorTask_EStop
    end_effector_task.o(i.EndEffectorTask_SetServo123Position) refers to feetech_servo.o(i.FeetechServo_SetModePosition123) for FeetechServo_SetModePosition123
    end_effector_task.o(i.EndEffectorTask_SetServo123Position) refers to feetech_servo.o(i.FeetechServo_SetPosition123) for FeetechServo_SetPosition123
    end_effector_task.o(i.EndEffectorTask_SetServo123Position) refers to end_effector_task.o(.data) for EndState
    end_effector_task.o(i.EndEffectorTask_SetServo123Speed) refers to feetech_servo.o(i.FeetechServo_SetModeSpeed123) for FeetechServo_SetModeSpeed123
    end_effector_task.o(i.EndEffectorTask_SetServo123Speed) refers to feetech_servo.o(i.FeetechServo_SetSpeed123) for FeetechServo_SetSpeed123
    end_effector_task.o(i.EndEffectorTask_SetServo123Speed) refers to end_effector_task.o(.data) for EndState
    end_effector_task.o(i.EndEffectorTask_SetState) refers to subboard_protocol.o(i.SubProtocol_SendState) for SubProtocol_SendState
    end_effector_task.o(i.EndEffectorTask_SetState) refers to end_effector_task.o(.data) for EndState
    end_effector_task.o(i.EndEffectorTask_StartAuto) refers to end_effector_task.o(i.EndEffectorTask_SetState) for EndEffectorTask_SetState
    end_effector_task.o(i.EndEffectorTask_StartAuto) refers to end_effector_task.o(.data) for EndState
    end_effector_task.o(i.EndEffectorTask_StopAuto) refers to feetech_servo.o(i.FeetechServo_SetRotateSpeed) for FeetechServo_SetRotateSpeed
    end_effector_task.o(i.EndEffectorTask_StopAuto) refers to pushrod.o(i.Pushrod_Stop) for Pushrod_Stop
    end_effector_task.o(i.EndEffectorTask_StopAuto) refers to end_effector_task.o(i.EndEffectorTask_SetState) for EndEffectorTask_SetState
    delay.o(i.Delay_Init) refers to misc.o(i.SysTick_CLKSourceConfig) for SysTick_CLKSourceConfig
    gpio.o(i.EndGpio_Init) refers to stm32f10x_rcc.o(i.RCC_APB2PeriphClockCmd) for RCC_APB2PeriphClockCmd
    gpio.o(i.EndGpio_Init) refers to stm32f10x_gpio.o(i.GPIO_Init) for GPIO_Init
    gpio.o(i.EndGpio_Init) refers to gpio.o(i.EndGpio_PushrodOff) for EndGpio_PushrodOff
    gpio.o(i.EndGpio_ObjectDetected) refers to stm32f10x_gpio.o(i.GPIO_ReadInputDataBit) for GPIO_ReadInputDataBit
    gpio.o(i.EndGpio_PushrodExtendOn) refers to stm32f10x_gpio.o(i.GPIO_SetBits) for GPIO_SetBits
    gpio.o(i.EndGpio_PushrodExtendOn) refers to stm32f10x_gpio.o(i.GPIO_ResetBits) for GPIO_ResetBits
    gpio.o(i.EndGpio_PushrodOff) refers to stm32f10x_gpio.o(i.GPIO_ResetBits) for GPIO_ResetBits
    gpio.o(i.EndGpio_PushrodRetractOn) refers to stm32f10x_gpio.o(i.GPIO_ResetBits) for GPIO_ResetBits
    gpio.o(i.EndGpio_PushrodRetractOn) refers to stm32f10x_gpio.o(i.GPIO_SetBits) for GPIO_SetBits
    usart.o(i.SubUart_Init) refers to stm32f10x_rcc.o(i.RCC_APB2PeriphClockCmd) for RCC_APB2PeriphClockCmd
    usart.o(i.SubUart_Init) refers to stm32f10x_gpio.o(i.GPIO_Init) for GPIO_Init
    usart.o(i.SubUart_Init) refers to stm32f10x_usart.o(i.USART_Init) for USART_Init
    usart.o(i.SubUart_Init) refers to stm32f10x_usart.o(i.USART_ITConfig) for USART_ITConfig
    usart.o(i.SubUart_Init) refers to stm32f10x_usart.o(i.USART_Cmd) for USART_Cmd
    usart.o(i.SubUart_Init) refers to misc.o(i.NVIC_Init) for NVIC_Init
    usart.o(i.SubUart_SendByte) refers to stm32f10x_usart.o(i.USART_SendData) for USART_SendData
    usart.o(i.SubUart_SendByte) refers to stm32f10x_usart.o(i.USART_GetFlagStatus) for USART_GetFlagStatus
    usart.o(i.USART1_IRQHandler) refers to stm32f10x_usart.o(i.USART_GetITStatus) for USART_GetITStatus
    usart.o(i.USART1_IRQHandler) refers to stm32f10x_usart.o(i.USART_ReceiveData) for USART_ReceiveData
    usart.o(i.USART1_IRQHandler) refers to rs485_link.o(i.Rs485Link_OnRxByte) for Rs485Link_OnRxByte
    ring_buf.o(i.ring_buf_get) refers to ring_buf.o(i.ring_buf_available) for ring_buf_available
    ring_buf.o(i.ring_buf_put) refers to ring_buf.o(i.ring_buf_available) for ring_buf_available
    rs485_link.o(i.CalcCrc) refers to rs485_link.o(i.CrcUpdate) for CrcUpdate
    rs485_link.o(i.ParseByte) refers to rs485_link.o(i.CalcCrc) for CalcCrc
    rs485_link.o(i.ParseByte) refers to subboard_protocol.o(i.SubProtocol_OnFrame) for SubProtocol_OnFrame
    rs485_link.o(i.ParseByte) refers to rs485_link.o(.data) for ParseState
    rs485_link.o(i.ParseByte) refers to rs485_link.o(.bss) for ParsePayload
    rs485_link.o(i.Rs485Link_Init) refers to stm32f10x_rcc.o(i.RCC_APB2PeriphClockCmd) for RCC_APB2PeriphClockCmd
    rs485_link.o(i.Rs485Link_Init) refers to stm32f10x_gpio.o(i.GPIO_Init) for GPIO_Init
    rs485_link.o(i.Rs485Link_Init) refers to rs485_link.o(i.Rs485_SetRx) for Rs485_SetRx
    rs485_link.o(i.Rs485Link_Init) refers to ring_buf.o(i.ring_buf_init) for ring_buf_init
    rs485_link.o(i.Rs485Link_Init) refers to rs485_link.o(.bss) for RxStorage
    rs485_link.o(i.Rs485Link_Init) refers to rs485_link.o(.data) for ParseState
    rs485_link.o(i.Rs485Link_OnRxByte) refers to ring_buf.o(i.ring_buf_put) for ring_buf_put
    rs485_link.o(i.Rs485Link_OnRxByte) refers to rs485_link.o(.bss) for RxRing
    rs485_link.o(i.Rs485Link_Proc) refers to rs485_link.o(i.ParseByte) for ParseByte
    rs485_link.o(i.Rs485Link_Proc) refers to ring_buf.o(i.ring_buf_get) for ring_buf_get
    rs485_link.o(i.Rs485Link_Proc) refers to rs485_link.o(.bss) for RxRing
    rs485_link.o(i.Rs485Link_SendFrame) refers to rs485_link.o(i.CalcCrc) for CalcCrc
    rs485_link.o(i.Rs485Link_SendFrame) refers to rs485_link.o(i.Rs485_SetTx) for Rs485_SetTx
    rs485_link.o(i.Rs485Link_SendFrame) refers to usart.o(i.SubUart_SendByte) for SubUart_SendByte
    rs485_link.o(i.Rs485Link_SendFrame) refers to rs485_link.o(i.Rs485_SetRx) for Rs485_SetRx
    rs485_link.o(i.Rs485_SetRx) refers to stm32f10x_gpio.o(i.GPIO_ResetBits) for GPIO_ResetBits
    rs485_link.o(i.Rs485_SetTx) refers to stm32f10x_gpio.o(i.GPIO_SetBits) for GPIO_SetBits
    subboard_protocol.o(i.SubProtocol_OnFrame) refers to end_effector_task.o(i.EndEffectorTask_GetError) for EndEffectorTask_GetError
    subboard_protocol.o(i.SubProtocol_OnFrame) refers to end_effector_task.o(i.EndEffectorTask_GetState) for EndEffectorTask_GetState
    subboard_protocol.o(i.SubProtocol_OnFrame) refers to subboard_protocol.o(i.SubProtocol_SendState) for SubProtocol_SendState
    subboard_protocol.o(i.SubProtocol_OnFrame) refers to end_effector_task.o(i.EndEffectorTask_EStop) for EndEffectorTask_EStop
    subboard_protocol.o(i.SubProtocol_OnFrame) refers to subboard_protocol.o(i.SubProtocol_SendAck) for SubProtocol_SendAck
    subboard_protocol.o(i.SubProtocol_OnFrame) refers to end_effector_task.o(i.EndEffectorTask_StopAuto) for EndEffectorTask_StopAuto
    subboard_protocol.o(i.SubProtocol_OnFrame) refers to end_effector_task.o(i.EndEffectorTask_SetMode) for EndEffectorTask_SetMode
    subboard_protocol.o(i.SubProtocol_OnFrame) refers to subboard_protocol.o(i.ReadS16LE) for ReadS16LE
    subboard_protocol.o(i.SubProtocol_OnFrame) refers to end_effector_task.o(i.EndEffectorTask_SetServo123Speed) for EndEffectorTask_SetServo123Speed
    subboard_protocol.o(i.SubProtocol_OnFrame) refers to subboard_protocol.o(i.ReadU16LE) for ReadU16LE
    subboard_protocol.o(i.SubProtocol_OnFrame) refers to end_effector_task.o(i.EndEffectorTask_SetServo123Position) for EndEffectorTask_SetServo123Position
    subboard_protocol.o(i.SubProtocol_OnFrame) refers to end_effector_task.o(i.EndEffectorTask_StartAuto) for EndEffectorTask_StartAuto
    subboard_protocol.o(i.SubProtocol_SendAck) refers to end_effector_task.o(i.EndEffectorTask_GetState) for EndEffectorTask_GetState
    subboard_protocol.o(i.SubProtocol_SendAck) refers to rs485_link.o(i.Rs485Link_SendFrame) for Rs485Link_SendFrame
    subboard_protocol.o(i.SubProtocol_SendState) refers to rs485_link.o(i.Rs485Link_SendFrame) for Rs485Link_SendFrame
    feetech_servo.o(i.FeetechServo_Init) refers to feetech_servo.o(i.FeetechServo_StopAll) for FeetechServo_StopAll
    feetech_servo.o(i.FeetechServo_SendByte) refers to usart.o(i.SubUart_SendByte) for SubUart_SendByte
    feetech_servo.o(i.FeetechServo_SendFrame) refers to feetech_servo.o(i.FeetechServo_SendByte) for FeetechServo_SendByte
    feetech_servo.o(i.FeetechServo_SendFrame) refers to feetech_servo.o(i.FeetechServo_Checksum) for FeetechServo_Checksum
    feetech_servo.o(i.FeetechServo_SetModePosition123) refers to feetech_servo.o(i.FeetechServo_WriteByte) for FeetechServo_WriteByte
    feetech_servo.o(i.FeetechServo_SetModePosition123) refers to feetech_servo.o(.constdata) for s_servo_ids
    feetech_servo.o(i.FeetechServo_SetModeSpeed123) refers to feetech_servo.o(i.FeetechServo_WriteByte) for FeetechServo_WriteByte
    feetech_servo.o(i.FeetechServo_SetModeSpeed123) refers to feetech_servo.o(.constdata) for s_servo_ids
    feetech_servo.o(i.FeetechServo_SetPosition123) refers to feetech_servo.o(i.FeetechServo_ClampPos) for FeetechServo_ClampPos
    feetech_servo.o(i.FeetechServo_SetPosition123) refers to feetech_servo.o(i.FeetechServo_SyncWrite3) for FeetechServo_SyncWrite3
    feetech_servo.o(i.FeetechServo_SetRotateSpeed) refers to feetech_servo.o(i.FeetechServo_WriteByte) for FeetechServo_WriteByte
    feetech_servo.o(i.FeetechServo_SetRotateSpeed) refers to feetech_servo.o(i.FeetechServo_EncodeSpeed) for FeetechServo_EncodeSpeed
    feetech_servo.o(i.FeetechServo_SetRotateSpeed) refers to feetech_servo.o(i.FeetechServo_WriteWord) for FeetechServo_WriteWord
    feetech_servo.o(i.FeetechServo_SetRotateSpeed) refers to feetech_servo.o(.constdata) for s_servo_ids
    feetech_servo.o(i.FeetechServo_SetSpeed123) refers to feetech_servo.o(i.FeetechServo_EncodeSpeed) for FeetechServo_EncodeSpeed
    feetech_servo.o(i.FeetechServo_SetSpeed123) refers to feetech_servo.o(i.FeetechServo_SyncWrite3) for FeetechServo_SyncWrite3
    feetech_servo.o(i.FeetechServo_Stop123) refers to feetech_servo.o(i.FeetechServo_SetSpeed123) for FeetechServo_SetSpeed123
    feetech_servo.o(i.FeetechServo_StopAll) refers to feetech_servo.o(i.FeetechServo_Stop123) for FeetechServo_Stop123
    feetech_servo.o(i.FeetechServo_StopAll) refers to feetech_servo.o(i.FeetechServo_SetRotateSpeed) for FeetechServo_SetRotateSpeed
    feetech_servo.o(i.FeetechServo_SyncWrite3) refers to feetech_servo.o(i.FeetechServo_SendFrame) for FeetechServo_SendFrame
    feetech_servo.o(i.FeetechServo_SyncWrite3) refers to feetech_servo.o(.constdata) for s_servo_ids
    feetech_servo.o(i.FeetechServo_WriteByte) refers to feetech_servo.o(i.FeetechServo_SendFrame) for FeetechServo_SendFrame
    feetech_servo.o(i.FeetechServo_WriteWord) refers to feetech_servo.o(i.FeetechServo_SendFrame) for FeetechServo_SendFrame
    pushrod.o(i.Pushrod_Extend) refers to gpio.o(i.EndGpio_PushrodExtendOn) for EndGpio_PushrodExtendOn
    pushrod.o(i.Pushrod_Retract) refers to gpio.o(i.EndGpio_PushrodRetractOn) for EndGpio_PushrodRetractOn
    pushrod.o(i.Pushrod_Stop) refers to gpio.o(i.EndGpio_PushrodOff) for EndGpio_PushrodOff
    entry.o(.ARM.Collect$$$$00000000) refers (Special) to entry10a.o(.ARM.Collect$$$$0000000D) for __rt_final_cpp
    entry.o(.ARM.Collect$$$$00000000) refers (Special) to entry11a.o(.ARM.Collect$$$$0000000F) for __rt_final_exit
    entry.o(.ARM.Collect$$$$00000000) refers (Special) to entry7b.o(.ARM.Collect$$$$00000008) for _main_clock
    entry.o(.ARM.Collect$$$$00000000) refers (Special) to entry8b.o(.ARM.Collect$$$$0000000A) for _main_cpp_init
    entry.o(.ARM.Collect$$$$00000000) refers (Special) to entry9a.o(.ARM.Collect$$$$0000000B) for _main_init
    entry.o(.ARM.Collect$$$$00000000) refers (Special) to entry5.o(.ARM.Collect$$$$00000004) for _main_scatterload
    entry.o(.ARM.Collect$$$$00000000) refers (Special) to entry2.o(.ARM.Collect$$$$00000001) for _main_stk
    entry2.o(.ARM.Collect$$$$00000001) refers to entry2.o(.ARM.Collect$$$$00002712) for __lit__00000000
    entry2.o(.ARM.Collect$$$$00002712) refers to startup_stm32f10x_md.o(STACK) for __initial_sp
    entry2.o(__vectab_stack_and_reset_area) refers to startup_stm32f10x_md.o(STACK) for __initial_sp
    entry2.o(__vectab_stack_and_reset_area) refers to entry.o(.ARM.Collect$$$$00000000) for __main
    entry5.o(.ARM.Collect$$$$00000004) refers to init.o(.text) for __scatterload
    entry9a.o(.ARM.Collect$$$$0000000B) refers to main.o(i.main) for main
    entry9b.o(.ARM.Collect$$$$0000000C) refers to main.o(i.main) for main
    init.o(.text) refers to entry5.o(.ARM.Collect$$$$00000004) for __main_after_scatterload


==============================================================================

Removing Unused input sections from the image.

    Removing core_cm3.o(.emb_text), (32 bytes).
    Removing system_stm32f10x.o(i.SystemCoreClockUpdate), (164 bytes).
    Removing system_stm32f10x.o(.data), (20 bytes).
    Removing startup_stm32f10x_md.o(HEAP), (512 bytes).
    Removing misc.o(i.NVIC_PriorityGroupConfig), (20 bytes).
    Removing misc.o(i.NVIC_SetVectorTable), (20 bytes).
    Removing misc.o(i.NVIC_SystemLPConfig), (32 bytes).
    Removing stm32f10x_gpio.o(i.GPIO_AFIODeInit), (20 bytes).
    Removing stm32f10x_gpio.o(i.GPIO_DeInit), (200 bytes).
    Removing stm32f10x_gpio.o(i.GPIO_ETH_MediaInterfaceConfig), (12 bytes).
    Removing stm32f10x_gpio.o(i.GPIO_EXTILineConfig), (64 bytes).
    Removing stm32f10x_gpio.o(i.GPIO_EventOutputCmd), (12 bytes).
    Removing stm32f10x_gpio.o(i.GPIO_EventOutputConfig), (32 bytes).
    Removing stm32f10x_gpio.o(i.GPIO_PinLockConfig), (18 bytes).
    Removing stm32f10x_gpio.o(i.GPIO_PinRemapConfig), (144 bytes).
    Removing stm32f10x_gpio.o(i.GPIO_ReadInputData), (8 bytes).
    Removing stm32f10x_gpio.o(i.GPIO_ReadOutputData), (8 bytes).
    Removing stm32f10x_gpio.o(i.GPIO_ReadOutputDataBit), (18 bytes).
    Removing stm32f10x_gpio.o(i.GPIO_StructInit), (16 bytes).
    Removing stm32f10x_gpio.o(i.GPIO_Write), (4 bytes).
    Removing stm32f10x_gpio.o(i.GPIO_WriteBit), (10 bytes).
    Removing stm32f10x_rcc.o(i.RCC_ADCCLKConfig), (24 bytes).
    Removing stm32f10x_rcc.o(i.RCC_AHBPeriphClockCmd), (32 bytes).
    Removing stm32f10x_rcc.o(i.RCC_APB1PeriphClockCmd), (32 bytes).
    Removing stm32f10x_rcc.o(i.RCC_APB1PeriphResetCmd), (32 bytes).
    Removing stm32f10x_rcc.o(i.RCC_APB2PeriphResetCmd), (32 bytes).
    Removing stm32f10x_rcc.o(i.RCC_AdjustHSICalibrationValue), (24 bytes).
    Removing stm32f10x_rcc.o(i.RCC_BackupResetCmd), (12 bytes).
    Removing stm32f10x_rcc.o(i.RCC_ClearFlag), (20 bytes).
    Removing stm32f10x_rcc.o(i.RCC_ClearITPendingBit), (12 bytes).
    Removing stm32f10x_rcc.o(i.RCC_ClockSecuritySystemCmd), (12 bytes).
    Removing stm32f10x_rcc.o(i.RCC_DeInit), (76 bytes).
    Removing stm32f10x_rcc.o(i.RCC_GetFlagStatus), (60 bytes).
    Removing stm32f10x_rcc.o(i.RCC_GetITStatus), (24 bytes).
    Removing stm32f10x_rcc.o(i.RCC_GetSYSCLKSource), (16 bytes).
    Removing stm32f10x_rcc.o(i.RCC_HCLKConfig), (24 bytes).
    Removing stm32f10x_rcc.o(i.RCC_HSEConfig), (76 bytes).
    Removing stm32f10x_rcc.o(i.RCC_HSICmd), (12 bytes).
    Removing stm32f10x_rcc.o(i.RCC_ITConfig), (32 bytes).
    Removing stm32f10x_rcc.o(i.RCC_LSEConfig), (52 bytes).
    Removing stm32f10x_rcc.o(i.RCC_LSICmd), (12 bytes).
    Removing stm32f10x_rcc.o(i.RCC_MCOConfig), (12 bytes).
    Removing stm32f10x_rcc.o(i.RCC_PCLK1Config), (24 bytes).
    Removing stm32f10x_rcc.o(i.RCC_PCLK2Config), (24 bytes).
    Removing stm32f10x_rcc.o(i.RCC_PLLCmd), (12 bytes).
    Removing stm32f10x_rcc.o(i.RCC_PLLConfig), (28 bytes).
    Removing stm32f10x_rcc.o(i.RCC_RTCCLKCmd), (12 bytes).
    Removing stm32f10x_rcc.o(i.RCC_RTCCLKConfig), (16 bytes).
    Removing stm32f10x_rcc.o(i.RCC_SYSCLKConfig), (24 bytes).
    Removing stm32f10x_rcc.o(i.RCC_USBCLKConfig), (12 bytes).
    Removing stm32f10x_rcc.o(i.RCC_WaitForHSEStartUp), (56 bytes).
    Removing stm32f10x_usart.o(i.USART_ClearFlag), (18 bytes).
    Removing stm32f10x_usart.o(i.USART_ClearITPendingBit), (30 bytes).
    Removing stm32f10x_usart.o(i.USART_ClockInit), (34 bytes).
    Removing stm32f10x_usart.o(i.USART_ClockStructInit), (12 bytes).
    Removing stm32f10x_usart.o(i.USART_DMACmd), (18 bytes).
    Removing stm32f10x_usart.o(i.USART_DeInit), (156 bytes).
    Removing stm32f10x_usart.o(i.USART_HalfDuplexCmd), (24 bytes).
    Removing stm32f10x_usart.o(i.USART_IrDACmd), (24 bytes).
    Removing stm32f10x_usart.o(i.USART_IrDAConfig), (18 bytes).
    Removing stm32f10x_usart.o(i.USART_LINBreakDetectLengthConfig), (18 bytes).
    Removing stm32f10x_usart.o(i.USART_LINCmd), (24 bytes).
    Removing stm32f10x_usart.o(i.USART_OneBitMethodCmd), (24 bytes).
    Removing stm32f10x_usart.o(i.USART_OverSampling8Cmd), (22 bytes).
    Removing stm32f10x_usart.o(i.USART_ReceiverWakeUpCmd), (24 bytes).
    Removing stm32f10x_usart.o(i.USART_SendBreak), (10 bytes).
    Removing stm32f10x_usart.o(i.USART_SetAddress), (18 bytes).
    Removing stm32f10x_usart.o(i.USART_SetGuardTime), (16 bytes).
    Removing stm32f10x_usart.o(i.USART_SetPrescaler), (16 bytes).
    Removing stm32f10x_usart.o(i.USART_SmartCardCmd), (24 bytes).
    Removing stm32f10x_usart.o(i.USART_SmartCardNACKCmd), (24 bytes).
    Removing stm32f10x_usart.o(i.USART_StructInit), (24 bytes).
    Removing stm32f10x_usart.o(i.USART_WakeUpConfig), (18 bytes).

73 unused section(s) (total 2798 bytes) removed from the image.

==============================================================================

Image Symbol Table

    Local Symbols

    Symbol Name                              Value     Ov Type        Size  Object(Section)

    ../clib/microlib/init/entry.s            0x00000000   Number         0  entry11a.o ABSOLUTE
    ../clib/microlib/init/entry.s            0x00000000   Number         0  entry10b.o ABSOLUTE
    ../clib/microlib/init/entry.s            0x00000000   Number         0  entry8b.o ABSOLUTE
    ../clib/microlib/init/entry.s            0x00000000   Number         0  entry8a.o ABSOLUTE
    ../clib/microlib/init/entry.s            0x00000000   Number         0  entry10a.o ABSOLUTE
    ../clib/microlib/init/entry.s            0x00000000   Number         0  entry7b.o ABSOLUTE
    ../clib/microlib/init/entry.s            0x00000000   Number         0  entry9b.o ABSOLUTE
    ../clib/microlib/init/entry.s            0x00000000   Number         0  entry11b.o ABSOLUTE
    ../clib/microlib/init/entry.s            0x00000000   Number         0  entry7a.o ABSOLUTE
    ../clib/microlib/init/entry.s            0x00000000   Number         0  entry2.o ABSOLUTE
    ../clib/microlib/init/entry.s            0x00000000   Number         0  entry9a.o ABSOLUTE
    ../clib/microlib/init/entry.s            0x00000000   Number         0  entry.o ABSOLUTE
    ../clib/microlib/init/entry.s            0x00000000   Number         0  entry5.o ABSOLUTE
    ..\Actuators\feetech_servo.c             0x00000000   Number         0  feetech_servo.o ABSOLUTE
    ..\Actuators\pushrod.c                   0x00000000   Number         0  pushrod.o ABSOLUTE
    ..\App\CPU\stm32f10x_it.c                0x00000000   Number         0  stm32f10x_it.o ABSOLUTE
    ..\App\end_effector_task.c               0x00000000   Number         0  end_effector_task.o ABSOLUTE
    ..\App\main.c                            0x00000000   Number         0  main.o ABSOLUTE
    ..\BSP\delay.c                           0x00000000   Number         0  delay.o ABSOLUTE
    ..\BSP\gpio.c                            0x00000000   Number         0  gpio.o ABSOLUTE
    ..\BSP\usart.c                           0x00000000   Number         0  usart.o ABSOLUTE
    ..\Comm\ring_buf.c                       0x00000000   Number         0  ring_buf.o ABSOLUTE
    ..\Comm\rs485_link.c                     0x00000000   Number         0  rs485_link.o ABSOLUTE
    ..\Drivers\CMSIS\Core\core_cm3.c         0x00000000   Number         0  core_cm3.o ABSOLUTE
    ..\Drivers\CMSIS\Device\startup_stm32f10x_md.s 0x00000000   Number         0  startup_stm32f10x_md.o ABSOLUTE
    ..\Drivers\CMSIS\Device\system_stm32f10x.c 0x00000000   Number         0  system_stm32f10x.o ABSOLUTE
    ..\FWlib\src\misc.c                      0x00000000   Number         0  misc.o ABSOLUTE
    ..\FWlib\src\stm32f10x_gpio.c            0x00000000   Number         0  stm32f10x_gpio.o ABSOLUTE
    ..\FWlib\src\stm32f10x_rcc.c             0x00000000   Number         0  stm32f10x_rcc.o ABSOLUTE
    ..\FWlib\src\stm32f10x_usart.c           0x00000000   Number         0  stm32f10x_usart.o ABSOLUTE
    ..\Protocols\subboard_protocol.c         0x00000000   Number         0  subboard_protocol.o ABSOLUTE
    ..\\Drivers\\CMSIS\\Core\\core_cm3.c     0x00000000   Number         0  core_cm3.o ABSOLUTE
    dc.s                                     0x00000000   Number         0  dc.o ABSOLUTE
    handlers.s                               0x00000000   Number         0  handlers.o ABSOLUTE
    init.s                                   0x00000000   Number         0  init.o ABSOLUTE
    RESET                                    0x08000000   Section      236  startup_stm32f10x_md.o(RESET)
    .ARM.Collect$$$$00000000                 0x080000ec   Section        0  entry.o(.ARM.Collect$$$$00000000)
    .ARM.Collect$$$$00000001                 0x080000ec   Section        4  entry2.o(.ARM.Collect$$$$00000001)
    .ARM.Collect$$$$00000004                 0x080000f0   Section        4  entry5.o(.ARM.Collect$$$$00000004)
    .ARM.Collect$$$$00000008                 0x080000f4   Section        0  entry7b.o(.ARM.Collect$$$$00000008)
    .ARM.Collect$$$$0000000A                 0x080000f4   Section        0  entry8b.o(.ARM.Collect$$$$0000000A)
    .ARM.Collect$$$$0000000B                 0x080000f4   Section        8  entry9a.o(.ARM.Collect$$$$0000000B)
    .ARM.Collect$$$$0000000D                 0x080000fc   Section        0  entry10a.o(.ARM.Collect$$$$0000000D)
    .ARM.Collect$$$$0000000F                 0x080000fc   Section        0  entry11a.o(.ARM.Collect$$$$0000000F)
    .ARM.Collect$$$$00002712                 0x080000fc   Section        4  entry2.o(.ARM.Collect$$$$00002712)
    __lit__00000000                          0x080000fc   Data           4  entry2.o(.ARM.Collect$$$$00002712)
    .text                                    0x08000100   Section       36  startup_stm32f10x_md.o(.text)
    .text                                    0x08000124   Section       36  init.o(.text)
    i.BusFault_Handler                       0x08000148   Section        0  stm32f10x_it.o(i.BusFault_Handler)
    i.CalcCrc                                0x0800014c   Section        0  rs485_link.o(i.CalcCrc)
    CalcCrc                                  0x0800014d   Thumb Code    74  rs485_link.o(i.CalcCrc)
    i.CrcUpdate                              0x08000196   Section        0  rs485_link.o(i.CrcUpdate)
    CrcUpdate                                0x08000197   Thumb Code    46  rs485_link.o(i.CrcUpdate)
    i.DebugMon_Handler                       0x080001c4   Section        0  stm32f10x_it.o(i.DebugMon_Handler)
    i.Delay_Init                             0x080001c6   Section        0  delay.o(i.Delay_Init)
    i.Delay_ms                               0x080001d2   Section        0  delay.o(i.Delay_ms)
    i.EndEffectorTask_EStop                  0x08000208   Section        0  end_effector_task.o(i.EndEffectorTask_EStop)
    i.EndEffectorTask_GetError               0x0800021c   Section        0  end_effector_task.o(i.EndEffectorTask_GetError)
    i.EndEffectorTask_GetState               0x08000228   Section        0  end_effector_task.o(i.EndEffectorTask_GetState)
    i.EndEffectorTask_Init                   0x08000234   Section        0  end_effector_task.o(i.EndEffectorTask_Init)
    i.EndEffectorTask_Proc                   0x08000274   Section        0  end_effector_task.o(i.EndEffectorTask_Proc)
    i.EndEffectorTask_SetMode                0x0800037c   Section        0  end_effector_task.o(i.EndEffectorTask_SetMode)
    i.EndEffectorTask_SetServo123Position    0x080003ac   Section        0  end_effector_task.o(i.EndEffectorTask_SetServo123Position)
    i.EndEffectorTask_SetServo123Speed       0x080003ec   Section        0  end_effector_task.o(i.EndEffectorTask_SetServo123Speed)
    i.EndEffectorTask_SetState               0x0800041c   Section        0  end_effector_task.o(i.EndEffectorTask_SetState)
    EndEffectorTask_SetState                 0x0800041d   Thumb Code    28  end_effector_task.o(i.EndEffectorTask_SetState)
    i.EndEffectorTask_StartAuto              0x08000444   Section        0  end_effector_task.o(i.EndEffectorTask_StartAuto)
    i.EndEffectorTask_StopAuto               0x0800047c   Section        0  end_effector_task.o(i.EndEffectorTask_StopAuto)
    i.EndGpio_Init                           0x08000490   Section        0  gpio.o(i.EndGpio_Init)
    i.EndGpio_ObjectDetected                 0x080004dc   Section        0  gpio.o(i.EndGpio_ObjectDetected)
    i.EndGpio_PushrodExtendOn                0x080004f4   Section        0  gpio.o(i.EndGpio_PushrodExtendOn)
    i.EndGpio_PushrodOff                     0x0800050c   Section        0  gpio.o(i.EndGpio_PushrodOff)
    i.EndGpio_PushrodRetractOn               0x0800051c   Section        0  gpio.o(i.EndGpio_PushrodRetractOn)
    i.FeetechServo_Checksum                  0x08000534   Section        0  feetech_servo.o(i.FeetechServo_Checksum)
    FeetechServo_Checksum                    0x08000535   Thumb Code    32  feetech_servo.o(i.FeetechServo_Checksum)
    i.FeetechServo_ClampPos                  0x08000554   Section        0  feetech_servo.o(i.FeetechServo_ClampPos)
    FeetechServo_ClampPos                    0x08000555   Thumb Code    26  feetech_servo.o(i.FeetechServo_ClampPos)
    i.FeetechServo_EncodeSpeed               0x0800056e   Section        0  feetech_servo.o(i.FeetechServo_EncodeSpeed)
    FeetechServo_EncodeSpeed                 0x0800056f   Thumb Code    40  feetech_servo.o(i.FeetechServo_EncodeSpeed)
    i.FeetechServo_Init                      0x08000596   Section        0  feetech_servo.o(i.FeetechServo_Init)
    i.FeetechServo_SendByte                  0x0800059e   Section        0  feetech_servo.o(i.FeetechServo_SendByte)
    FeetechServo_SendByte                    0x0800059f   Thumb Code    12  feetech_servo.o(i.FeetechServo_SendByte)
    i.FeetechServo_SendFrame                 0x080005aa   Section        0  feetech_servo.o(i.FeetechServo_SendFrame)
    FeetechServo_SendFrame                   0x080005ab   Thumb Code   116  feetech_servo.o(i.FeetechServo_SendFrame)
    i.FeetechServo_SetModePosition123        0x08000620   Section        0  feetech_servo.o(i.FeetechServo_SetModePosition123)
    i.FeetechServo_SetModeSpeed123           0x08000640   Section        0  feetech_servo.o(i.FeetechServo_SetModeSpeed123)
    i.FeetechServo_SetPosition123            0x08000660   Section        0  feetech_servo.o(i.FeetechServo_SetPosition123)
    i.FeetechServo_SetRotateSpeed            0x08000724   Section        0  feetech_servo.o(i.FeetechServo_SetRotateSpeed)
    i.FeetechServo_SetSpeed123               0x08000750   Section        0  feetech_servo.o(i.FeetechServo_SetSpeed123)
    i.FeetechServo_Stop123                   0x080007ac   Section        0  feetech_servo.o(i.FeetechServo_Stop123)
    i.FeetechServo_StopAll                   0x080007ba   Section        0  feetech_servo.o(i.FeetechServo_StopAll)
    i.FeetechServo_SyncWrite3                0x080007c8   Section        0  feetech_servo.o(i.FeetechServo_SyncWrite3)
    FeetechServo_SyncWrite3                  0x080007c9   Thumb Code   124  feetech_servo.o(i.FeetechServo_SyncWrite3)
    i.FeetechServo_WriteByte                 0x08000848   Section        0  feetech_servo.o(i.FeetechServo_WriteByte)
    FeetechServo_WriteByte                   0x08000849   Thumb Code    30  feetech_servo.o(i.FeetechServo_WriteByte)
    i.FeetechServo_WriteWord                 0x08000866   Section        0  feetech_servo.o(i.FeetechServo_WriteWord)
    FeetechServo_WriteWord                   0x08000867   Thumb Code    38  feetech_servo.o(i.FeetechServo_WriteWord)
    i.GPIO_Init                              0x0800088c   Section        0  stm32f10x_gpio.o(i.GPIO_Init)
    i.GPIO_ReadInputDataBit                  0x080009a2   Section        0  stm32f10x_gpio.o(i.GPIO_ReadInputDataBit)
    i.GPIO_ResetBits                         0x080009b4   Section        0  stm32f10x_gpio.o(i.GPIO_ResetBits)
    i.GPIO_SetBits                           0x080009b8   Section        0  stm32f10x_gpio.o(i.GPIO_SetBits)
    i.HardFault_Handler                      0x080009bc   Section        0  stm32f10x_it.o(i.HardFault_Handler)
    i.MemManage_Handler                      0x080009c0   Section        0  stm32f10x_it.o(i.MemManage_Handler)
    i.NMI_Handler                            0x080009c4   Section        0  stm32f10x_it.o(i.NMI_Handler)
    i.NVIC_Init                              0x080009c8   Section        0  misc.o(i.NVIC_Init)
    i.ParseByte                              0x08000a38   Section        0  rs485_link.o(i.ParseByte)
    ParseByte                                0x08000a39   Thumb Code   238  rs485_link.o(i.ParseByte)
    i.PendSV_Handler                         0x08000b44   Section        0  stm32f10x_it.o(i.PendSV_Handler)
    i.Pushrod_Extend                         0x08000b46   Section        0  pushrod.o(i.Pushrod_Extend)
    i.Pushrod_Retract                        0x08000b4e   Section        0  pushrod.o(i.Pushrod_Retract)
    i.Pushrod_Stop                           0x08000b56   Section        0  pushrod.o(i.Pushrod_Stop)
    i.RCC_APB2PeriphClockCmd                 0x08000b60   Section        0  stm32f10x_rcc.o(i.RCC_APB2PeriphClockCmd)
    i.RCC_GetClocksFreq                      0x08000b80   Section        0  stm32f10x_rcc.o(i.RCC_GetClocksFreq)
    i.ReadS16LE                              0x08000c54   Section        0  subboard_protocol.o(i.ReadS16LE)
    ReadS16LE                                0x08000c55   Thumb Code    14  subboard_protocol.o(i.ReadS16LE)
    i.ReadU16LE                              0x08000c62   Section        0  subboard_protocol.o(i.ReadU16LE)
    ReadU16LE                                0x08000c63   Thumb Code    12  subboard_protocol.o(i.ReadU16LE)
    i.Rs485Link_Init                         0x08000c70   Section        0  rs485_link.o(i.Rs485Link_Init)
    i.Rs485Link_OnRxByte                     0x08000cbc   Section        0  rs485_link.o(i.Rs485Link_OnRxByte)
    i.Rs485Link_Proc                         0x08000cd0   Section        0  rs485_link.o(i.Rs485Link_Proc)
    i.Rs485Link_SendFrame                    0x08000cf0   Section        0  rs485_link.o(i.Rs485Link_SendFrame)
    i.Rs485_SetRx                            0x08000d5c   Section        0  rs485_link.o(i.Rs485_SetRx)
    Rs485_SetRx                              0x08000d5d   Thumb Code    14  rs485_link.o(i.Rs485_SetRx)
    i.Rs485_SetTx                            0x08000d70   Section        0  rs485_link.o(i.Rs485_SetTx)
    Rs485_SetTx                              0x08000d71   Thumb Code    14  rs485_link.o(i.Rs485_SetTx)
    i.SVC_Handler                            0x08000d84   Section        0  stm32f10x_it.o(i.SVC_Handler)
    i.SetSysClock                            0x08000d86   Section        0  system_stm32f10x.o(i.SetSysClock)
    SetSysClock                              0x08000d87   Thumb Code     8  system_stm32f10x.o(i.SetSysClock)
    i.SetSysClockTo72                        0x08000d90   Section        0  system_stm32f10x.o(i.SetSysClockTo72)
    SetSysClockTo72                          0x08000d91   Thumb Code   214  system_stm32f10x.o(i.SetSysClockTo72)
    i.SubProtocol_OnFrame                    0x08000e70   Section        0  subboard_protocol.o(i.SubProtocol_OnFrame)
    i.SubProtocol_SendAck                    0x08000f9e   Section        0  subboard_protocol.o(i.SubProtocol_SendAck)
    i.SubProtocol_SendState                  0x08000fc0   Section        0  subboard_protocol.o(i.SubProtocol_SendState)
    i.SubUart_Init                           0x08000fdc   Section        0  usart.o(i.SubUart_Init)
    i.SubUart_SendByte                       0x0800107c   Section        0  usart.o(i.SubUart_SendByte)
    i.SysTick_CLKSourceConfig                0x0800109c   Section        0  misc.o(i.SysTick_CLKSourceConfig)
    i.SysTick_Handler                        0x080010c4   Section        0  stm32f10x_it.o(i.SysTick_Handler)
    i.SystemInit                             0x080010c8   Section        0  system_stm32f10x.o(i.SystemInit)
    i.USART1_IRQHandler                      0x08001128   Section        0  usart.o(i.USART1_IRQHandler)
    i.USART_Cmd                              0x0800114c   Section        0  stm32f10x_usart.o(i.USART_Cmd)
    i.USART_GetFlagStatus                    0x08001164   Section        0  stm32f10x_usart.o(i.USART_GetFlagStatus)
    i.USART_GetITStatus                      0x0800117e   Section        0  stm32f10x_usart.o(i.USART_GetITStatus)
    i.USART_ITConfig                         0x080011d2   Section        0  stm32f10x_usart.o(i.USART_ITConfig)
    i.USART_Init                             0x0800121c   Section        0  stm32f10x_usart.o(i.USART_Init)
    i.USART_ReceiveData                      0x080012f4   Section        0  stm32f10x_usart.o(i.USART_ReceiveData)
    i.USART_SendData                         0x080012fe   Section        0  stm32f10x_usart.o(i.USART_SendData)
    i.UsageFault_Handler                     0x08001306   Section        0  stm32f10x_it.o(i.UsageFault_Handler)
    i.__scatterload_copy                     0x0800130a   Section       14  handlers.o(i.__scatterload_copy)
    i.__scatterload_null                     0x08001318   Section        2  handlers.o(i.__scatterload_null)
    i.__scatterload_zeroinit                 0x0800131a   Section       14  handlers.o(i.__scatterload_zeroinit)
    i.main                                   0x08001328   Section        0  main.o(i.main)
    i.ring_buf_available                     0x08001354   Section        0  ring_buf.o(i.ring_buf_available)
    i.ring_buf_get                           0x0800135e   Section        0  ring_buf.o(i.ring_buf_get)
    i.ring_buf_init                          0x08001394   Section        0  ring_buf.o(i.ring_buf_init)
    i.ring_buf_put                           0x080013a0   Section        0  ring_buf.o(i.ring_buf_put)
    .constdata                               0x080013d8   Section        4  feetech_servo.o(.constdata)
    s_servo_ids                              0x080013d8   Data           4  feetech_servo.o(.constdata)
    .data                                    0x20000000   Section       20  stm32f10x_rcc.o(.data)
    APBAHBPrescTable                         0x20000000   Data          16  stm32f10x_rcc.o(.data)
    ADCPrescTable                            0x20000010   Data           4  stm32f10x_rcc.o(.data)
    .data                                    0x20000014   Section       10  end_effector_task.o(.data)
    EndState                                 0x20000014   Data           1  end_effector_task.o(.data)
    EndError                                 0x20000015   Data           1  end_effector_task.o(.data)
    StateTicks                               0x20000016   Data           2  end_effector_task.o(.data)
    AutoForwardMs                            0x20000018   Data           2  end_effector_task.o(.data)
    AutoReverseMs                            0x2000001a   Data           2  end_effector_task.o(.data)
    AutoRotateSpeed                          0x2000001c   Data           2  end_effector_task.o(.data)
    .data                                    0x2000001e   Section        8  rs485_link.o(.data)
    ParseState                               0x2000001e   Data           1  rs485_link.o(.data)
    ParseNode                                0x2000001f   Data           1  rs485_link.o(.data)
    ParseCmd                                 0x20000020   Data           1  rs485_link.o(.data)
    ParseLen                                 0x20000021   Data           1  rs485_link.o(.data)
    ParseIndex                               0x20000022   Data           1  rs485_link.o(.data)
    ParseCrc                                 0x20000024   Data           2  rs485_link.o(.data)
    .bss                                     0x20000028   Section      176  rs485_link.o(.bss)
    RxStorage                                0x20000028   Data         128  rs485_link.o(.bss)
    RxRing                                   0x200000a8   Data          16  rs485_link.o(.bss)
    ParsePayload                             0x200000b8   Data          32  rs485_link.o(.bss)
    STACK                                    0x200000d8   Section     1024  startup_stm32f10x_md.o(STACK)

    Global Symbols

    Symbol Name                              Value     Ov Type        Size  Object(Section)

    BuildAttributes$$THM_ISAv4$P$D$K$B$S$PE$A:L22UL41UL21$X:L11$S22US41US21$IEEE1$IW$USESV6$~STKCKD$USESV7$~SHL$OSPACE$EBA8$MICROLIB$REQ8$PRES8$EABIv2 0x00000000   Number         0  anon$$obj.o ABSOLUTE
    __ARM_use_no_argv                        0x00000000   Number         0  main.o ABSOLUTE
    __cpp_initialize__aeabi_                  - Undefined Weak Reference
    __cxa_finalize                            - Undefined Weak Reference
    __decompress                              - Undefined Weak Reference
    _clock_init                               - Undefined Weak Reference
    _microlib_exit                            - Undefined Weak Reference
    __Vectors_Size                           0x000000ec   Number         0  startup_stm32f10x_md.o ABSOLUTE
    __Vectors                                0x08000000   Data           4  startup_stm32f10x_md.o(RESET)
    __Vectors_End                            0x080000ec   Data           0  startup_stm32f10x_md.o(RESET)
    __main                                   0x080000ed   Thumb Code     0  entry.o(.ARM.Collect$$$$00000000)
    _main_stk                                0x080000ed   Thumb Code     0  entry2.o(.ARM.Collect$$$$00000001)
    _main_scatterload                        0x080000f1   Thumb Code     0  entry5.o(.ARM.Collect$$$$00000004)
    __main_after_scatterload                 0x080000f5   Thumb Code     0  entry5.o(.ARM.Collect$$$$00000004)
    _main_clock                              0x080000f5   Thumb Code     0  entry7b.o(.ARM.Collect$$$$00000008)
    _main_cpp_init                           0x080000f5   Thumb Code     0  entry8b.o(.ARM.Collect$$$$0000000A)
    _main_init                               0x080000f5   Thumb Code     0  entry9a.o(.ARM.Collect$$$$0000000B)
    __rt_final_cpp                           0x080000fd   Thumb Code     0  entry10a.o(.ARM.Collect$$$$0000000D)
    __rt_final_exit                          0x080000fd   Thumb Code     0  entry11a.o(.ARM.Collect$$$$0000000F)
    Reset_Handler                            0x08000101   Thumb Code     8  startup_stm32f10x_md.o(.text)
    ADC1_2_IRQHandler                        0x0800011b   Thumb Code     0  startup_stm32f10x_md.o(.text)
    CAN1_RX1_IRQHandler                      0x0800011b   Thumb Code     0  startup_stm32f10x_md.o(.text)
    CAN1_SCE_IRQHandler                      0x0800011b   Thumb Code     0  startup_stm32f10x_md.o(.text)
    DMA1_Channel1_IRQHandler                 0x0800011b   Thumb Code     0  startup_stm32f10x_md.o(.text)
    DMA1_Channel2_IRQHandler                 0x0800011b   Thumb Code     0  startup_stm32f10x_md.o(.text)
    DMA1_Channel3_IRQHandler                 0x0800011b   Thumb Code     0  startup_stm32f10x_md.o(.text)
    DMA1_Channel4_IRQHandler                 0x0800011b   Thumb Code     0  startup_stm32f10x_md.o(.text)
    DMA1_Channel5_IRQHandler                 0x0800011b   Thumb Code     0  startup_stm32f10x_md.o(.text)
    DMA1_Channel6_IRQHandler                 0x0800011b   Thumb Code     0  startup_stm32f10x_md.o(.text)
    DMA1_Channel7_IRQHandler                 0x0800011b   Thumb Code     0  startup_stm32f10x_md.o(.text)
    EXTI0_IRQHandler                         0x0800011b   Thumb Code     0  startup_stm32f10x_md.o(.text)
    EXTI15_10_IRQHandler                     0x0800011b   Thumb Code     0  startup_stm32f10x_md.o(.text)
    EXTI1_IRQHandler                         0x0800011b   Thumb Code     0  startup_stm32f10x_md.o(.text)
    EXTI2_IRQHandler                         0x0800011b   Thumb Code     0  startup_stm32f10x_md.o(.text)
    EXTI3_IRQHandler                         0x0800011b   Thumb Code     0  startup_stm32f10x_md.o(.text)
    EXTI4_IRQHandler                         0x0800011b   Thumb Code     0  startup_stm32f10x_md.o(.text)
    EXTI9_5_IRQHandler                       0x0800011b   Thumb Code     0  startup_stm32f10x_md.o(.text)
    FLASH_IRQHandler                         0x0800011b   Thumb Code     0  startup_stm32f10x_md.o(.text)
    I2C1_ER_IRQHandler                       0x0800011b   Thumb Code     0  startup_stm32f10x_md.o(.text)
    I2C1_EV_IRQHandler                       0x0800011b   Thumb Code     0  startup_stm32f10x_md.o(.text)
    I2C2_ER_IRQHandler                       0x0800011b   Thumb Code     0  startup_stm32f10x_md.o(.text)
    I2C2_EV_IRQHandler                       0x0800011b   Thumb Code     0  startup_stm32f10x_md.o(.text)
    PVD_IRQHandler                           0x0800011b   Thumb Code     0  startup_stm32f10x_md.o(.text)
    RCC_IRQHandler                           0x0800011b   Thumb Code     0  startup_stm32f10x_md.o(.text)
    RTCAlarm_IRQHandler                      0x0800011b   Thumb Code     0  startup_stm32f10x_md.o(.text)
    RTC_IRQHandler                           0x0800011b   Thumb Code     0  startup_stm32f10x_md.o(.text)
    SPI1_IRQHandler                          0x0800011b   Thumb Code     0  startup_stm32f10x_md.o(.text)
    SPI2_IRQHandler                          0x0800011b   Thumb Code     0  startup_stm32f10x_md.o(.text)
    TAMPER_IRQHandler                        0x0800011b   Thumb Code     0  startup_stm32f10x_md.o(.text)
    TIM1_BRK_IRQHandler                      0x0800011b   Thumb Code     0  startup_stm32f10x_md.o(.text)
    TIM1_CC_IRQHandler                       0x0800011b   Thumb Code     0  startup_stm32f10x_md.o(.text)
    TIM1_TRG_COM_IRQHandler                  0x0800011b   Thumb Code     0  startup_stm32f10x_md.o(.text)
    TIM1_UP_IRQHandler                       0x0800011b   Thumb Code     0  startup_stm32f10x_md.o(.text)
    TIM2_IRQHandler                          0x0800011b   Thumb Code     0  startup_stm32f10x_md.o(.text)
    TIM3_IRQHandler                          0x0800011b   Thumb Code     0  startup_stm32f10x_md.o(.text)
    TIM4_IRQHandler                          0x0800011b   Thumb Code     0  startup_stm32f10x_md.o(.text)
    USART2_IRQHandler                        0x0800011b   Thumb Code     0  startup_stm32f10x_md.o(.text)
    USART3_IRQHandler                        0x0800011b   Thumb Code     0  startup_stm32f10x_md.o(.text)
    USBWakeUp_IRQHandler                     0x0800011b   Thumb Code     0  startup_stm32f10x_md.o(.text)
    USB_HP_CAN1_TX_IRQHandler                0x0800011b   Thumb Code     0  startup_stm32f10x_md.o(.text)
    USB_LP_CAN1_RX0_IRQHandler               0x0800011b   Thumb Code     0  startup_stm32f10x_md.o(.text)
    WWDG_IRQHandler                          0x0800011b   Thumb Code     0  startup_stm32f10x_md.o(.text)
    __scatterload                            0x08000125   Thumb Code    28  init.o(.text)
    __scatterload_rt2                        0x08000125   Thumb Code     0  init.o(.text)
    BusFault_Handler                         0x08000149   Thumb Code     4  stm32f10x_it.o(i.BusFault_Handler)
    DebugMon_Handler                         0x080001c5   Thumb Code     2  stm32f10x_it.o(i.DebugMon_Handler)
    Delay_Init                               0x080001c7   Thumb Code    12  delay.o(i.Delay_Init)
    Delay_ms                                 0x080001d3   Thumb Code    54  delay.o(i.Delay_ms)
    EndEffectorTask_EStop                    0x08000209   Thumb Code    18  end_effector_task.o(i.EndEffectorTask_EStop)
    EndEffectorTask_GetError                 0x0800021d   Thumb Code     6  end_effector_task.o(i.EndEffectorTask_GetError)
    EndEffectorTask_GetState                 0x08000229   Thumb Code     6  end_effector_task.o(i.EndEffectorTask_GetState)
    EndEffectorTask_Init                     0x08000235   Thumb Code    38  end_effector_task.o(i.EndEffectorTask_Init)
    EndEffectorTask_Proc                     0x08000275   Thumb Code   240  end_effector_task.o(i.EndEffectorTask_Proc)
    EndEffectorTask_SetMode                  0x0800037d   Thumb Code    48  end_effector_task.o(i.EndEffectorTask_SetMode)
    EndEffectorTask_SetServo123Position      0x080003ad   Thumb Code    58  end_effector_task.o(i.EndEffectorTask_SetServo123Position)
    EndEffectorTask_SetServo123Speed         0x080003ed   Thumb Code    42  end_effector_task.o(i.EndEffectorTask_SetServo123Speed)
    EndEffectorTask_StartAuto                0x08000445   Thumb Code    40  end_effector_task.o(i.EndEffectorTask_StartAuto)
    EndEffectorTask_StopAuto                 0x0800047d   Thumb Code    20  end_effector_task.o(i.EndEffectorTask_StopAuto)
    EndGpio_Init                             0x08000491   Thumb Code    68  gpio.o(i.EndGpio_Init)
    EndGpio_ObjectDetected                   0x080004dd   Thumb Code    20  gpio.o(i.EndGpio_ObjectDetected)
    EndGpio_PushrodExtendOn                  0x080004f5   Thumb Code    20  gpio.o(i.EndGpio_PushrodExtendOn)
    EndGpio_PushrodOff                       0x0800050d   Thumb Code    12  gpio.o(i.EndGpio_PushrodOff)
    EndGpio_PushrodRetractOn                 0x0800051d   Thumb Code    20  gpio.o(i.EndGpio_PushrodRetractOn)
    FeetechServo_Init                        0x08000597   Thumb Code     8  feetech_servo.o(i.FeetechServo_Init)
    FeetechServo_SetModePosition123          0x08000621   Thumb Code    28  feetech_servo.o(i.FeetechServo_SetModePosition123)
    FeetechServo_SetModeSpeed123             0x08000641   Thumb Code    28  feetech_servo.o(i.FeetechServo_SetModeSpeed123)
    FeetechServo_SetPosition123              0x08000661   Thumb Code   196  feetech_servo.o(i.FeetechServo_SetPosition123)
    FeetechServo_SetRotateSpeed              0x08000725   Thumb Code    38  feetech_servo.o(i.FeetechServo_SetRotateSpeed)
    FeetechServo_SetSpeed123                 0x08000751   Thumb Code    92  feetech_servo.o(i.FeetechServo_SetSpeed123)
    FeetechServo_Stop123                     0x080007ad   Thumb Code    14  feetech_servo.o(i.FeetechServo_Stop123)
    FeetechServo_StopAll                     0x080007bb   Thumb Code    14  feetech_servo.o(i.FeetechServo_StopAll)
    GPIO_Init                                0x0800088d   Thumb Code   278  stm32f10x_gpio.o(i.GPIO_Init)
    GPIO_ReadInputDataBit                    0x080009a3   Thumb Code    18  stm32f10x_gpio.o(i.GPIO_ReadInputDataBit)
    GPIO_ResetBits                           0x080009b5   Thumb Code     4  stm32f10x_gpio.o(i.GPIO_ResetBits)
    GPIO_SetBits                             0x080009b9   Thumb Code     4  stm32f10x_gpio.o(i.GPIO_SetBits)
    HardFault_Handler                        0x080009bd   Thumb Code     4  stm32f10x_it.o(i.HardFault_Handler)
    MemManage_Handler                        0x080009c1   Thumb Code     4  stm32f10x_it.o(i.MemManage_Handler)
    NMI_Handler                              0x080009c5   Thumb Code     2  stm32f10x_it.o(i.NMI_Handler)
    NVIC_Init                                0x080009c9   Thumb Code   100  misc.o(i.NVIC_Init)
    PendSV_Handler                           0x08000b45   Thumb Code     2  stm32f10x_it.o(i.PendSV_Handler)
    Pushrod_Extend                           0x08000b47   Thumb Code     8  pushrod.o(i.Pushrod_Extend)
    Pushrod_Retract                          0x08000b4f   Thumb Code     8  pushrod.o(i.Pushrod_Retract)
    Pushrod_Stop                             0x08000b57   Thumb Code     8  pushrod.o(i.Pushrod_Stop)
    RCC_APB2PeriphClockCmd                   0x08000b61   Thumb Code    26  stm32f10x_rcc.o(i.RCC_APB2PeriphClockCmd)
    RCC_GetClocksFreq                        0x08000b81   Thumb Code   192  stm32f10x_rcc.o(i.RCC_GetClocksFreq)
    Rs485Link_Init                           0x08000c71   Thumb Code    60  rs485_link.o(i.Rs485Link_Init)
    Rs485Link_OnRxByte                       0x08000cbd   Thumb Code    14  rs485_link.o(i.Rs485Link_OnRxByte)
    Rs485Link_Proc                           0x08000cd1   Thumb Code    28  rs485_link.o(i.Rs485Link_Proc)
    Rs485Link_SendFrame                      0x08000cf1   Thumb Code   108  rs485_link.o(i.Rs485Link_SendFrame)
    SVC_Handler                              0x08000d85   Thumb Code     2  stm32f10x_it.o(i.SVC_Handler)
    SubProtocol_OnFrame                      0x08000e71   Thumb Code   302  subboard_protocol.o(i.SubProtocol_OnFrame)
    SubProtocol_SendAck                      0x08000f9f   Thumb Code    34  subboard_protocol.o(i.SubProtocol_SendAck)
    SubProtocol_SendState                    0x08000fc1   Thumb Code    26  subboard_protocol.o(i.SubProtocol_SendState)
    SubUart_Init                             0x08000fdd   Thumb Code   152  usart.o(i.SubUart_Init)
    SubUart_SendByte                         0x0800107d   Thumb Code    28  usart.o(i.SubUart_SendByte)
    SysTick_CLKSourceConfig                  0x0800109d   Thumb Code    40  misc.o(i.SysTick_CLKSourceConfig)
    SysTick_Handler                          0x080010c5   Thumb Code     2  stm32f10x_it.o(i.SysTick_Handler)
    SystemInit                               0x080010c9   Thumb Code    78  system_stm32f10x.o(i.SystemInit)
    USART1_IRQHandler                        0x08001129   Thumb Code    30  usart.o(i.USART1_IRQHandler)
    USART_Cmd                                0x0800114d   Thumb Code    24  stm32f10x_usart.o(i.USART_Cmd)
    USART_GetFlagStatus                      0x08001165   Thumb Code    26  stm32f10x_usart.o(i.USART_GetFlagStatus)
    USART_GetITStatus                        0x0800117f   Thumb Code    84  stm32f10x_usart.o(i.USART_GetITStatus)
    USART_ITConfig                           0x080011d3   Thumb Code    74  stm32f10x_usart.o(i.USART_ITConfig)
    USART_Init                               0x0800121d   Thumb Code   210  stm32f10x_usart.o(i.USART_Init)
    USART_ReceiveData                        0x080012f5   Thumb Code    10  stm32f10x_usart.o(i.USART_ReceiveData)
    USART_SendData                           0x080012ff   Thumb Code     8  stm32f10x_usart.o(i.USART_SendData)
    UsageFault_Handler                       0x08001307   Thumb Code     4  stm32f10x_it.o(i.UsageFault_Handler)
    __scatterload_copy                       0x0800130b   Thumb Code    14  handlers.o(i.__scatterload_copy)
    __scatterload_null                       0x08001319   Thumb Code     2  handlers.o(i.__scatterload_null)
    __scatterload_zeroinit                   0x0800131b   Thumb Code    14  handlers.o(i.__scatterload_zeroinit)
    main                                     0x08001329   Thumb Code    44  main.o(i.main)
    ring_buf_available                       0x08001355   Thumb Code    10  ring_buf.o(i.ring_buf_available)
    ring_buf_get                             0x0800135f   Thumb Code    54  ring_buf.o(i.ring_buf_get)
    ring_buf_init                            0x08001395   Thumb Code    12  ring_buf.o(i.ring_buf_init)
    ring_buf_put                             0x080013a1   Thumb Code    56  ring_buf.o(i.ring_buf_put)
    Region$$Table$$Base                      0x080013dc   Number         0  anon$$obj.o(Region$$Table)
    Region$$Table$$Limit                     0x080013fc   Number         0  anon$$obj.o(Region$$Table)
    __initial_sp                             0x200004d8   Data           0  startup_stm32f10x_md.o(STACK)



==============================================================================

Memory Map of the image

  Image Entry point : 0x080000ed

  Load Region LR_IROM1 (Base: 0x08000000, Size: 0x00001424, Max: 0x00010000, ABSOLUTE)

    Execution Region ER_IROM1 (Exec base: 0x08000000, Load base: 0x08000000, Size: 0x000013fc, Max: 0x00010000, ABSOLUTE)

    Exec Addr    Load Addr    Size         Type   Attr      Idx    E Section Name        Object

    0x08000000   0x08000000   0x000000ec   Data   RO           75    RESET               startup_stm32f10x_md.o
    0x080000ec   0x080000ec   0x00000000   Code   RO         1112  * .ARM.Collect$$$$00000000  mc_w.l(entry.o)
    0x080000ec   0x080000ec   0x00000004   Code   RO         1115    .ARM.Collect$$$$00000001  mc_w.l(entry2.o)
    0x080000f0   0x080000f0   0x00000004   Code   RO         1118    .ARM.Collect$$$$00000004  mc_w.l(entry5.o)
    0x080000f4   0x080000f4   0x00000000   Code   RO         1120    .ARM.Collect$$$$00000008  mc_w.l(entry7b.o)
    0x080000f4   0x080000f4   0x00000000   Code   RO         1122    .ARM.Collect$$$$0000000A  mc_w.l(entry8b.o)
    0x080000f4   0x080000f4   0x00000008   Code   RO         1123    .ARM.Collect$$$$0000000B  mc_w.l(entry9a.o)
    0x080000fc   0x080000fc   0x00000000   Code   RO         1125    .ARM.Collect$$$$0000000D  mc_w.l(entry10a.o)
    0x080000fc   0x080000fc   0x00000000   Code   RO         1127    .ARM.Collect$$$$0000000F  mc_w.l(entry11a.o)
    0x080000fc   0x080000fc   0x00000004   Code   RO         1116    .ARM.Collect$$$$00002712  mc_w.l(entry2.o)
    0x08000100   0x08000100   0x00000024   Code   RO           76    .text               startup_stm32f10x_md.o
    0x08000124   0x08000124   0x00000024   Code   RO         1129    .text               mc_w.l(init.o)
    0x08000148   0x08000148   0x00000004   Code   RO          726    i.BusFault_Handler  stm32f10x_it.o
    0x0800014c   0x0800014c   0x0000004a   Code   RO          900    i.CalcCrc           rs485_link.o
    0x08000196   0x08000196   0x0000002e   Code   RO          901    i.CrcUpdate         rs485_link.o
    0x080001c4   0x080001c4   0x00000002   Code   RO          727    i.DebugMon_Handler  stm32f10x_it.o
    0x080001c6   0x080001c6   0x0000000c   Code   RO          789    i.Delay_Init        delay.o
    0x080001d2   0x080001d2   0x00000036   Code   RO          790    i.Delay_ms          delay.o
    0x08000208   0x08000208   0x00000012   Code   RO          644    i.EndEffectorTask_EStop  end_effector_task.o
    0x0800021a   0x0800021a   0x00000002   PAD
    0x0800021c   0x0800021c   0x0000000c   Code   RO          645    i.EndEffectorTask_GetError  end_effector_task.o
    0x08000228   0x08000228   0x0000000c   Code   RO          646    i.EndEffectorTask_GetState  end_effector_task.o
    0x08000234   0x08000234   0x00000040   Code   RO          647    i.EndEffectorTask_Init  end_effector_task.o
    0x08000274   0x08000274   0x00000108   Code   RO          648    i.EndEffectorTask_Proc  end_effector_task.o
    0x0800037c   0x0800037c   0x00000030   Code   RO          649    i.EndEffectorTask_SetMode  end_effector_task.o
    0x080003ac   0x080003ac   0x00000040   Code   RO          650    i.EndEffectorTask_SetServo123Position  end_effector_task.o
    0x080003ec   0x080003ec   0x00000030   Code   RO          651    i.EndEffectorTask_SetServo123Speed  end_effector_task.o
    0x0800041c   0x0800041c   0x00000028   Code   RO          652    i.EndEffectorTask_SetState  end_effector_task.o
    0x08000444   0x08000444   0x00000038   Code   RO          653    i.EndEffectorTask_StartAuto  end_effector_task.o
    0x0800047c   0x0800047c   0x00000014   Code   RO          654    i.EndEffectorTask_StopAuto  end_effector_task.o
    0x08000490   0x08000490   0x0000004c   Code   RO          807    i.EndGpio_Init      gpio.o
    0x080004dc   0x080004dc   0x00000018   Code   RO          808    i.EndGpio_ObjectDetected  gpio.o
    0x080004f4   0x080004f4   0x00000018   Code   RO          809    i.EndGpio_PushrodExtendOn  gpio.o
    0x0800050c   0x0800050c   0x00000010   Code   RO          810    i.EndGpio_PushrodOff  gpio.o
    0x0800051c   0x0800051c   0x00000018   Code   RO          811    i.EndGpio_PushrodRetractOn  gpio.o
    0x08000534   0x08000534   0x00000020   Code   RO          992    i.FeetechServo_Checksum  feetech_servo.o
    0x08000554   0x08000554   0x0000001a   Code   RO          993    i.FeetechServo_ClampPos  feetech_servo.o
    0x0800056e   0x0800056e   0x00000028   Code   RO          994    i.FeetechServo_EncodeSpeed  feetech_servo.o
    0x08000596   0x08000596   0x00000008   Code   RO          995    i.FeetechServo_Init  feetech_servo.o
    0x0800059e   0x0800059e   0x0000000c   Code   RO          996    i.FeetechServo_SendByte  feetech_servo.o
    0x080005aa   0x080005aa   0x00000074   Code   RO          997    i.FeetechServo_SendFrame  feetech_servo.o
    0x0800061e   0x0800061e   0x00000002   PAD
    0x08000620   0x08000620   0x00000020   Code   RO          998    i.FeetechServo_SetModePosition123  feetech_servo.o
    0x08000640   0x08000640   0x00000020   Code   RO          999    i.FeetechServo_SetModeSpeed123  feetech_servo.o
    0x08000660   0x08000660   0x000000c4   Code   RO         1000    i.FeetechServo_SetPosition123  feetech_servo.o
    0x08000724   0x08000724   0x0000002c   Code   RO         1001    i.FeetechServo_SetRotateSpeed  feetech_servo.o
    0x08000750   0x08000750   0x0000005c   Code   RO         1002    i.FeetechServo_SetSpeed123  feetech_servo.o
    0x080007ac   0x080007ac   0x0000000e   Code   RO         1003    i.FeetechServo_Stop123  feetech_servo.o
    0x080007ba   0x080007ba   0x0000000e   Code   RO         1004    i.FeetechServo_StopAll  feetech_servo.o
    0x080007c8   0x080007c8   0x00000080   Code   RO         1005    i.FeetechServo_SyncWrite3  feetech_servo.o
    0x08000848   0x08000848   0x0000001e   Code   RO         1006    i.FeetechServo_WriteByte  feetech_servo.o
    0x08000866   0x08000866   0x00000026   Code   RO         1007    i.FeetechServo_WriteWord  feetech_servo.o
    0x0800088c   0x0800088c   0x00000116   Code   RO          126    i.GPIO_Init         stm32f10x_gpio.o
    0x080009a2   0x080009a2   0x00000012   Code   RO          130    i.GPIO_ReadInputDataBit  stm32f10x_gpio.o
    0x080009b4   0x080009b4   0x00000004   Code   RO          133    i.GPIO_ResetBits    stm32f10x_gpio.o
    0x080009b8   0x080009b8   0x00000004   Code   RO          134    i.GPIO_SetBits      stm32f10x_gpio.o
    0x080009bc   0x080009bc   0x00000004   Code   RO          728    i.HardFault_Handler  stm32f10x_it.o
    0x080009c0   0x080009c0   0x00000004   Code   RO          729    i.MemManage_Handler  stm32f10x_it.o
    0x080009c4   0x080009c4   0x00000002   Code   RO          730    i.NMI_Handler       stm32f10x_it.o
    0x080009c6   0x080009c6   0x00000002   PAD
    0x080009c8   0x080009c8   0x00000070   Code   RO           80    i.NVIC_Init         misc.o
    0x08000a38   0x08000a38   0x0000010c   Code   RO          902    i.ParseByte         rs485_link.o
    0x08000b44   0x08000b44   0x00000002   Code   RO          731    i.PendSV_Handler    stm32f10x_it.o
    0x08000b46   0x08000b46   0x00000008   Code   RO         1088    i.Pushrod_Extend    pushrod.o
    0x08000b4e   0x08000b4e   0x00000008   Code   RO         1089    i.Pushrod_Retract   pushrod.o
    0x08000b56   0x08000b56   0x00000008   Code   RO         1090    i.Pushrod_Stop      pushrod.o
    0x08000b5e   0x08000b5e   0x00000002   PAD
    0x08000b60   0x08000b60   0x00000020   Code   RO          238    i.RCC_APB2PeriphClockCmd  stm32f10x_rcc.o
    0x08000b80   0x08000b80   0x000000d4   Code   RO          246    i.RCC_GetClocksFreq  stm32f10x_rcc.o
    0x08000c54   0x08000c54   0x0000000e   Code   RO          958    i.ReadS16LE         subboard_protocol.o
    0x08000c62   0x08000c62   0x0000000c   Code   RO          959    i.ReadU16LE         subboard_protocol.o
    0x08000c6e   0x08000c6e   0x00000002   PAD
    0x08000c70   0x08000c70   0x0000004c   Code   RO          903    i.Rs485Link_Init    rs485_link.o
    0x08000cbc   0x08000cbc   0x00000014   Code   RO          904    i.Rs485Link_OnRxByte  rs485_link.o
    0x08000cd0   0x08000cd0   0x00000020   Code   RO          905    i.Rs485Link_Proc    rs485_link.o
    0x08000cf0   0x08000cf0   0x0000006c   Code   RO          906    i.Rs485Link_SendFrame  rs485_link.o
    0x08000d5c   0x08000d5c   0x00000014   Code   RO          907    i.Rs485_SetRx       rs485_link.o
    0x08000d70   0x08000d70   0x00000014   Code   RO          908    i.Rs485_SetTx       rs485_link.o
    0x08000d84   0x08000d84   0x00000002   Code   RO          732    i.SVC_Handler       stm32f10x_it.o
    0x08000d86   0x08000d86   0x00000008   Code   RO           17    i.SetSysClock       system_stm32f10x.o
    0x08000d8e   0x08000d8e   0x00000002   PAD
    0x08000d90   0x08000d90   0x000000e0   Code   RO           18    i.SetSysClockTo72   system_stm32f10x.o
    0x08000e70   0x08000e70   0x0000012e   Code   RO          960    i.SubProtocol_OnFrame  subboard_protocol.o
    0x08000f9e   0x08000f9e   0x00000022   Code   RO          961    i.SubProtocol_SendAck  subboard_protocol.o
    0x08000fc0   0x08000fc0   0x0000001a   Code   RO          962    i.SubProtocol_SendState  subboard_protocol.o
    0x08000fda   0x08000fda   0x00000002   PAD
    0x08000fdc   0x08000fdc   0x000000a0   Code   RO          843    i.SubUart_Init      usart.o
    0x0800107c   0x0800107c   0x00000020   Code   RO          844    i.SubUart_SendByte  usart.o
    0x0800109c   0x0800109c   0x00000028   Code   RO           84    i.SysTick_CLKSourceConfig  misc.o
    0x080010c4   0x080010c4   0x00000002   Code   RO          733    i.SysTick_Handler   stm32f10x_it.o
    0x080010c6   0x080010c6   0x00000002   PAD
    0x080010c8   0x080010c8   0x00000060   Code   RO           20    i.SystemInit        system_stm32f10x.o
    0x08001128   0x08001128   0x00000024   Code   RO          845    i.USART1_IRQHandler  usart.o
    0x0800114c   0x0800114c   0x00000018   Code   RO          438    i.USART_Cmd         stm32f10x_usart.o
    0x08001164   0x08001164   0x0000001a   Code   RO          441    i.USART_GetFlagStatus  stm32f10x_usart.o
    0x0800117e   0x0800117e   0x00000054   Code   RO          442    i.USART_GetITStatus  stm32f10x_usart.o
    0x080011d2   0x080011d2   0x0000004a   Code   RO          444    i.USART_ITConfig    stm32f10x_usart.o
    0x0800121c   0x0800121c   0x000000d8   Code   RO          445    i.USART_Init        stm32f10x_usart.o
    0x080012f4   0x080012f4   0x0000000a   Code   RO          452    i.USART_ReceiveData  stm32f10x_usart.o
    0x080012fe   0x080012fe   0x00000008   Code   RO          455    i.USART_SendData    stm32f10x_usart.o
    0x08001306   0x08001306   0x00000004   Code   RO          734    i.UsageFault_Handler  stm32f10x_it.o
    0x0800130a   0x0800130a   0x0000000e   Code   RO         1133    i.__scatterload_copy  mc_w.l(handlers.o)
    0x08001318   0x08001318   0x00000002   Code   RO         1134    i.__scatterload_null  mc_w.l(handlers.o)
    0x0800131a   0x0800131a   0x0000000e   Code   RO         1135    i.__scatterload_zeroinit  mc_w.l(handlers.o)
    0x08001328   0x08001328   0x0000002c   Code   RO          614    i.main              main.o
    0x08001354   0x08001354   0x0000000a   Code   RO          867    i.ring_buf_available  ring_buf.o
    0x0800135e   0x0800135e   0x00000036   Code   RO          868    i.ring_buf_get      ring_buf.o
    0x08001394   0x08001394   0x0000000c   Code   RO          869    i.ring_buf_init     ring_buf.o
    0x080013a0   0x080013a0   0x00000038   Code   RO          870    i.ring_buf_put      ring_buf.o
    0x080013d8   0x080013d8   0x00000004   Data   RO         1008    .constdata          feetech_servo.o
    0x080013dc   0x080013dc   0x00000020   Data   RO         1131    Region$$Table       anon$$obj.o


    Execution Region RW_IRAM1 (Exec base: 0x20000000, Load base: 0x080013fc, Size: 0x000004d8, Max: 0x00005000, ABSOLUTE)

    Exec Addr    Load Addr    Size         Type   Attr      Idx    E Section Name        Object

    0x20000000   0x080013fc   0x00000014   Data   RW          266    .data               stm32f10x_rcc.o
    0x20000014   0x08001410   0x0000000a   Data   RW          655    .data               end_effector_task.o
    0x2000001e   0x0800141a   0x00000008   Data   RW          910    .data               rs485_link.o
    0x20000026   0x08001422   0x00000002   PAD
    0x20000028        -       0x000000b0   Zero   RW          909    .bss                rs485_link.o
    0x200000d8        -       0x00000400   Zero   RW           73    STACK               startup_stm32f10x_md.o


==============================================================================

Image component sizes


      Code (inc. data)   RO Data    RW Data    ZI Data      Debug   Object Name

         0          0          0          0          0       4556   core_cm3.o
        66          0          0          0          0        884   delay.o
       646        110          0         10          0       6434   end_effector_task.o
       854         18          4          0          0      10538   feetech_servo.o
       164         24          0          0          0       2274   gpio.o
        44          0          0          0          0       1095   main.o
       152         12          0          0          0       1550   misc.o
        24          0          0          0          0       1314   pushrod.o
       132          0          0          0          0       3055   ring_buf.o
       664         76          0          8        176       5933   rs485_link.o
        36          8        236          0       1024        816   startup_stm32f10x_md.o
       304          0          0          0          0       3596   stm32f10x_gpio.o
        26          0          0          0          0       3790   stm32f10x_it.o
       244         26          0         20          0       3853   stm32f10x_rcc.o
       442          6          0          0          0       6005   stm32f10x_usart.o
       388          0          0          0          0       3392   subboard_protocol.o
       328         28          0          0          0     228609   system_stm32f10x.o
       228         18          0          0          0       1586   usart.o

    ----------------------------------------------------------------------
      4758        326        272         40       1200     289280   Object Totals
         0          0         32          0          0          0   (incl. Generated)
        16          0          0          2          0          0   (incl. Padding)

    ----------------------------------------------------------------------

      Code (inc. data)   RO Data    RW Data    ZI Data      Debug   Library Member Name

         0          0          0          0          0          0   entry.o
         0          0          0          0          0          0   entry10a.o
         0          0          0          0          0          0   entry11a.o
         8          4          0          0          0          0   entry2.o
         4          0          0          0          0          0   entry5.o
         0          0          0          0          0          0   entry7b.o
         0          0          0          0          0          0   entry8b.o
         8          4          0          0          0          0   entry9a.o
        30          0          0          0          0          0   handlers.o
        36          8          0          0          0         68   init.o

    ----------------------------------------------------------------------
        86         16          0          0          0         68   Library Totals
         0          0          0          0          0          0   (incl. Padding)

    ----------------------------------------------------------------------

      Code (inc. data)   RO Data    RW Data    ZI Data      Debug   Library Name

        86         16          0          0          0         68   mc_w.l

    ----------------------------------------------------------------------
        86         16          0          0          0         68   Library Totals

    ----------------------------------------------------------------------

==============================================================================


      Code (inc. data)   RO Data    RW Data    ZI Data      Debug   

      4844        342        272         40       1200     285288   Grand Totals
      4844        342        272         40       1200     285288   ELF Image Totals
      4844        342        272         40          0          0   ROM Totals

==============================================================================

    Total RO  Size (Code + RO Data)                 5116 (   5.00kB)
    Total RW  Size (RW Data + ZI Data)              1240 (   1.21kB)
    Total ROM Size (Code + RO Data + RW Data)       5156 (   5.04kB)

==============================================================================

